Component: Arm Compiler for Embedded 6.24 Tool: armlink [5f371500]

==============================================================================

Section Cross References

    lcd.o(.ARM.exidx.text.delayMS) refers to lcd.o(.text.delayMS) for [Anonymous Symbol]
    lcd.o(.ARM.exidx.text.lcd_GPIO_init) refers to lcd.o(.text.lcd_GPIO_init) for [Anonymous Symbol]
    lcd.o(.text.lcd_pulse_enable) refers to lcd.o(.text.delayMS) for delayMS
    lcd.o(.ARM.exidx.text.lcd_pulse_enable) refers to lcd.o(.text.lcd_pulse_enable) for [Anonymous Symbol]
    lcd.o(.text.lcd_write_nibble) refers to lcd.o(.text.lcd_pulse_enable) for lcd_pulse_enable
    lcd.o(.ARM.exidx.text.lcd_write_nibble) refers to lcd.o(.text.lcd_write_nibble) for [Anonymous Symbol]
    lcd.o(.text.lcd_cmd) refers to lcd.o(.text.lcd_write_nibble) for lcd_write_nibble
    lcd.o(.text.lcd_cmd) refers to lcd.o(.text.delayMS) for delayMS
    lcd.o(.ARM.exidx.text.lcd_cmd) refers to lcd.o(.text.lcd_cmd) for [Anonymous Symbol]
    lcd.o(.text.lcd_data) refers to lcd.o(.text.lcd_write_nibble) for lcd_write_nibble
    lcd.o(.text.lcd_data) refers to lcd.o(.text.delayMS) for delayMS
    lcd.o(.ARM.exidx.text.lcd_data) refers to lcd.o(.text.lcd_data) for [Anonymous Symbol]
    lcd.o(.text.lcd_init) refers to lcd.o(.text.lcd_GPIO_init) for lcd_GPIO_init
    lcd.o(.text.lcd_init) refers to lcd.o(.text.delayMS) for delayMS
    lcd.o(.text.lcd_init) refers to lcd.o(.text.lcd_write_nibble) for lcd_write_nibble
    lcd.o(.text.lcd_init) refers to lcd.o(.text.lcd_cmd) for lcd_cmd
    lcd.o(.ARM.exidx.text.lcd_init) refers to lcd.o(.text.lcd_init) for [Anonymous Symbol]
    lcd.o(.text.lcd_print) refers to lcd.o(.text.lcd_data) for lcd_data
    lcd.o(.ARM.exidx.text.lcd_print) refers to lcd.o(.text.lcd_print) for [Anonymous Symbol]
    lcd.o(.text.main) refers to system_stm32f4xx.o(.text.SystemCoreClockUpdate) for SystemCoreClockUpdate
    lcd.o(.text.main) refers to lcd.o(.text.lcd_init) for lcd_init
    lcd.o(.text.main) refers to lcd.o(.text.lcd_cmd) for lcd_cmd
    lcd.o(.text.main) refers to lcd.o(.rodata.str1.1) for .L.str
    lcd.o(.text.main) refers to lcd.o(.text.lcd_print) for lcd_print
    lcd.o(.ARM.exidx.text.main) refers to lcd.o(.text.main) for [Anonymous Symbol]
    clib_os.o(.ARM.exidx.text._platform_post_stackheap_init) refers to clib_os.o(.text._platform_post_stackheap_init) for [Anonymous Symbol]
    clib_os.o(.text.$Sub$$_fp_init) refers to fpinit.o(x$fpl$fpinit) for $Super$$_fp_init
    clib_os.o(.ARM.exidx.text.$Sub$$_fp_init) refers to clib_os.o(.text.$Sub$$_fp_init) for [Anonymous Symbol]
    clib_os.o(.text.__user_perthread_libspace) refers to clib_os.o(.text.os_kernel_is_active) for os_kernel_is_active
    clib_os.o(.text.__user_perthread_libspace) refers to clib_os.o(.bss.os_libspace) for os_libspace
    clib_os.o(.text.__user_perthread_libspace) refers to tasks.o(.text.xTaskGetCurrentTaskHandle) for xTaskGetCurrentTaskHandle
    clib_os.o(.text.__user_perthread_libspace) refers to clib_os.o(.bss.os_libspace_id) for os_libspace_id
    clib_os.o(.ARM.exidx.text.__user_perthread_libspace) refers to clib_os.o(.text.__user_perthread_libspace) for [Anonymous Symbol]
    clib_os.o(.text.os_kernel_is_active) refers to tasks.o(.text.xTaskGetSchedulerState) for xTaskGetSchedulerState
    clib_os.o(.ARM.exidx.text.os_kernel_is_active) refers to clib_os.o(.text.os_kernel_is_active) for [Anonymous Symbol]
    clib_os.o(.text._mutex_initialize) refers to clib_os.o(.bss.clib_mutex_id) for clib_mutex_id
    clib_os.o(.text._mutex_initialize) refers to clib_os.o(.bss.clib_mutex_cb) for clib_mutex_cb
    clib_os.o(.text._mutex_initialize) refers to queue.o(.text.xQueueCreateMutexStatic) for xQueueCreateMutexStatic
    clib_os.o(.text._mutex_initialize) refers to clib_os.o(.text.os_kernel_is_active) for os_kernel_is_active
    clib_os.o(.text._mutex_initialize) refers to queue.o(.text.xQueueCreateMutex) for xQueueCreateMutex
    clib_os.o(.ARM.exidx.text._mutex_initialize) refers to clib_os.o(.text._mutex_initialize) for [Anonymous Symbol]
    clib_os.o(.text._mutex_acquire) refers to clib_os.o(.text.os_kernel_is_active) for os_kernel_is_active
    clib_os.o(.text._mutex_acquire) refers to clib_os.o(.text.is_thread_mode) for is_thread_mode
    clib_os.o(.text._mutex_acquire) refers to queue.o(.text.xQueueSemaphoreTake) for xQueueSemaphoreTake
    clib_os.o(.ARM.exidx.text._mutex_acquire) refers to clib_os.o(.text._mutex_acquire) for [Anonymous Symbol]
    clib_os.o(.ARM.exidx.text.is_thread_mode) refers to clib_os.o(.text.is_thread_mode) for [Anonymous Symbol]
    clib_os.o(.text._mutex_release) refers to clib_os.o(.text.os_kernel_is_active) for os_kernel_is_active
    clib_os.o(.text._mutex_release) refers to clib_os.o(.text.is_thread_mode) for is_thread_mode
    clib_os.o(.text._mutex_release) refers to queue.o(.text.xQueueGenericSend) for xQueueGenericSend
[...]
    Removing queue.o(.ARM.exidx.text.prvIsQueueEmpty), (8 bytes).
    Removing queue.o(.ARM.exidx.text.prvGetHighestPriorityOfWaitToReceiveList), (8 bytes).
    Removing queue.o(.text.xQueuePeek), (438 bytes).
    Removing queue.o(.ARM.exidx.text.xQueuePeek), (8 bytes).
    Removing queue.o(.text.xQueueReceiveFromISR), (280 bytes).
    Removing queue.o(.ARM.exidx.text.xQueueReceiveFromISR), (8 bytes).
    Removing queue.o(.text.xQueuePeekFromISR), (170 bytes).
    Removing queue.o(.ARM.exidx.text.xQueuePeekFromISR), (8 bytes).
    Removing queue.o(.text.uxQueueMessagesWaiting), (40 bytes).
    Removing queue.o(.ARM.exidx.text.uxQueueMessagesWaiting), (8 bytes).
    Removing queue.o(.text.uxQueueSpacesAvailable), (48 bytes).
    Removing queue.o(.ARM.exidx.text.uxQueueSpacesAvailable), (8 bytes).
    Removing queue.o(.text.uxQueueMessagesWaitingFromISR), (34 bytes).
    Removing queue.o(.ARM.exidx.text.uxQueueMessagesWaitingFromISR), (8 bytes).
    Removing queue.o(.ARM.exidx.text.vQueueDelete), (8 bytes).
    Removing queue.o(.text.uxQueueGetQueueNumber), (12 bytes).
    Removing queue.o(.ARM.exidx.text.uxQueueGetQueueNumber), (8 bytes).
    Removing queue.o(.text.vQueueSetQueueNumber), (16 bytes).
    Removing queue.o(.ARM.exidx.text.vQueueSetQueueNumber), (8 bytes).
    Removing queue.o(.text.ucQueueGetQueueType), (14 bytes).
    Removing queue.o(.ARM.exidx.text.ucQueueGetQueueType), (8 bytes).
    Removing queue.o(.text.uxQueueGetQueueItemSize), (12 bytes).
    Removing queue.o(.ARM.exidx.text.uxQueueGetQueueItemSize), (8 bytes).
    Removing queue.o(.text.uxQueueGetQueueLength), (12 bytes).
    Removing queue.o(.ARM.exidx.text.uxQueueGetQueueLength), (8 bytes).
    Removing queue.o(.text.xQueueIsQueueEmptyFromISR), (48 bytes).
    Removing queue.o(.ARM.exidx.text.xQueueIsQueueEmptyFromISR), (8 bytes).
    Removing queue.o(.text.xQueueIsQueueFullFromISR), (54 bytes).
    Removing queue.o(.ARM.exidx.text.xQueueIsQueueFullFromISR), (8 bytes).
    Removing queue.o(.text.vQueueWaitForMessageRestricted), (100 bytes).
    Removing queue.o(.ARM.exidx.text.vQueueWaitForMessageRestricted), (8 bytes).
    Removing tasks.o(.text), (0 bytes).
    Removing tasks.o(.text.xTaskCreateStatic), (92 bytes).
    Removing tasks.o(.ARM.exidx.text.xTaskCreateStatic), (8 bytes).
    Removing tasks.o(.text.prvCreateStaticTask), (170 bytes).
    Removing tasks.o(.ARM.exidx.text.prvCreateStaticTask), (8 bytes).
    Removing tasks.o(.text.prvAddNewTaskToReadyList), (368 bytes).
    Removing tasks.o(.ARM.exidx.text.prvAddNewTaskToReadyList), (8 bytes).
    Removing tasks.o(.text.xTaskCreate), (82 bytes).
    Removing tasks.o(.ARM.exidx.text.xTaskCreate), (8 bytes).
    Removing tasks.o(.text.prvCreateTask), (142 bytes).
    Removing tasks.o(.ARM.exidx.text.prvCreateTask), (8 bytes).
    Removing tasks.o(.text.vTaskDelete), (312 bytes).
    Removing tasks.o(.ARM.exidx.text.vTaskDelete), (8 bytes).
    Removing tasks.o(.ARM.exidx.text.prvResetNextTaskUnblockTime), (8 bytes).
    Removing tasks.o(.text.prvDeleteTCB), (80 bytes).
    Removing tasks.o(.ARM.exidx.text.prvDeleteTCB), (8 bytes).
    Removing tasks.o(.text.xTaskDelayUntil), (238 bytes).
    Removing tasks.o(.ARM.exidx.text.xTaskDelayUntil), (8 bytes).
    Removing tasks.o(.ARM.exidx.text.vTaskSuspendAll), (8 bytes).
    Removing tasks.o(.ARM.exidx.text.prvAddCurrentTaskToDelayedList), (8 bytes).
    Removing tasks.o(.ARM.exidx.text.xTaskResumeAll), (8 bytes).
    Removing tasks.o(.text.vTaskDelay), (98 bytes).
    Removing tasks.o(.ARM.exidx.text.vTaskDelay), (8 bytes).
    Removing tasks.o(.text.eTaskGetState), (290 bytes).
    Removing tasks.o(.ARM.exidx.text.eTaskGetState), (8 bytes).
    Removing tasks.o(.text.uxTaskPriorityGet), (70 bytes).
    Removing tasks.o(.ARM.exidx.text.uxTaskPriorityGet), (8 bytes).
    Removing tasks.o(.text.uxTaskPriorityGetFromISR), (104 bytes).
    Removing tasks.o(.ARM.exidx.text.uxTaskPriorityGetFromISR), (8 bytes).
    Removing tasks.o(.text.uxTaskBasePriorityGet), (70 bytes).
    Removing tasks.o(.ARM.exidx.text.uxTaskBasePriorityGet), (8 bytes).
    Removing tasks.o(.text.uxTaskBasePriorityGetFromISR), (104 bytes).
    Removing tasks.o(.ARM.exidx.text.uxTaskBasePriorityGetFromISR), (8 bytes).
    Removing tasks.o(.text.vTaskPrioritySet), (502 bytes).
    Removing tasks.o(.ARM.exidx.text.vTaskPrioritySet), (8 bytes).
    Removing tasks.o(.text.vTaskSuspend), (332 bytes).
    Removing tasks.o(.ARM.exidx.text.vTaskSuspend), (8 bytes).
    Removing tasks.o(.ARM.exidx.text.vTaskSwitchContext), (8 bytes).
    Removing tasks.o(.text.vTaskResume), (278 bytes).
    Removing tasks.o(.ARM.exidx.text.vTaskResume), (8 bytes).
    Removing tasks.o(.text.prvTaskIsTaskSuspended), (138 bytes).
    Removing tasks.o(.ARM.exidx.text.prvTaskIsTaskSuspended), (8 bytes).
    Removing tasks.o(.text.xTaskResumeFromISR), (314 bytes).
    Removing tasks.o(.ARM.exidx.text.xTaskResumeFromISR), (8 bytes).
    Removing tasks.o(.text.vTaskStartScheduler), (130 bytes).
    Removing tasks.o(.ARM.exidx.text.vTaskStartScheduler), (8 bytes).
    Removing tasks.o(.text.prvCreateIdleTasks), (216 bytes).
    Removing tasks.o(.ARM.exidx.text.prvCreateIdleTasks), (8 bytes).
    Removing tasks.o(.text.vTaskEndScheduler), (96 bytes).
    Removing tasks.o(.ARM.exidx.text.vTaskEndScheduler), (8 bytes).
    Removing tasks.o(.text.prvCheckTasksWaitingTermination), (90 bytes).
    Removing tasks.o(.ARM.exidx.text.prvCheckTasksWaitingTermination), (8 bytes).
    Removing tasks.o(.ARM.exidx.text.xTaskIncrementTick), (8 bytes).
    Removing tasks.o(.text.xTaskGetTickCount), (20 bytes).
    Removing tasks.o(.ARM.exidx.text.xTaskGetTickCount), (8 bytes).
    Removing tasks.o(.text.xTaskGetTickCountFromISR), (30 bytes).
    Removing tasks.o(.ARM.exidx.text.xTaskGetTickCountFromISR), (8 bytes).
    Removing tasks.o(.text.uxTaskGetNumberOfTasks), (12 bytes).
    Removing tasks.o(.ARM.exidx.text.uxTaskGetNumberOfTasks), (8 bytes).
    Removing tasks.o(.text.pcTaskGetName), (56 bytes).
    Removing tasks.o(.ARM.exidx.text.pcTaskGetName), (8 bytes).
    Removing tasks.o(.text.xTaskGetStaticBuffers), (158 bytes).
    Removing tasks.o(.ARM.exidx.text.xTaskGetStaticBuffers), (8 bytes).
    Removing tasks.o(.text.uxTaskGetSystemState), (282 bytes).
    Removing tasks.o(.ARM.exidx.text.uxTaskGetSystemState), (8 bytes).
    Removing tasks.o(.text.prvListTasksWithinSingleList), (106 bytes).
    Removing tasks.o(.ARM.exidx.text.prvListTasksWithinSingleList), (8 bytes).
    Removing tasks.o(.text.xTaskCatchUpTicks), (68 bytes).
    Removing tasks.o(.ARM.exidx.text.xTaskCatchUpTicks), (8 bytes).
    Removing tasks.o(.text.xTaskAbortDelay), (280 bytes).
    Removing tasks.o(.ARM.exidx.text.xTaskAbortDelay), (8 bytes).
    Removing tasks.o(.ARM.exidx.text.vTaskPlaceOnEventList), (8 bytes).
    Removing tasks.o(.text.vTaskPlaceOnUnorderedEventList), (140 bytes).
    Removing tasks.o(.ARM.exidx.text.vTaskPlaceOnUnorderedEventList), (8 bytes).
    Removing tasks.o(.text.vTaskPlaceOnEventListRestricted), (114 bytes).
    Removing tasks.o(.ARM.exidx.text.vTaskPlaceOnEventListRestricted), (8 bytes).
    Removing tasks.o(.ARM.exidx.text.xTaskRemoveFromEventList), (8 bytes).
    Removing tasks.o(.text.vTaskRemoveFromUnorderedEventList), (360 bytes).
    Removing tasks.o(.ARM.exidx.text.vTaskRemoveFromUnorderedEventList), (8 bytes).
    Removing tasks.o(.text.vTaskSetTimeOutState), (60 bytes).
    Removing tasks.o(.ARM.exidx.text.vTaskSetTimeOutState), (8 bytes).
    Removing tasks.o(.ARM.exidx.text.vTaskInternalSetTimeOutState), (8 bytes).
    Removing tasks.o(.ARM.exidx.text.xTaskCheckForTimeOut), (8 bytes).
    Removing tasks.o(.ARM.exidx.text.vTaskMissedYield), (8 bytes).
    Removing tasks.o(.text.uxTaskGetTaskNumber), (34 bytes).
    Removing tasks.o(.ARM.exidx.text.uxTaskGetTaskNumber), (8 bytes).
    Removing tasks.o(.text.vTaskSetTaskNumber), (28 bytes).
    Removing tasks.o(.ARM.exidx.text.vTaskSetTaskNumber), (8 bytes).
    Removing tasks.o(.text.vTaskGetInfo), (322 bytes).
    Removing tasks.o(.ARM.exidx.text.vTaskGetInfo), (8 bytes).
    Removing tasks.o(.text.prvTaskCheckFreeStackSpace), (46 bytes).
    Removing tasks.o(.ARM.exidx.text.prvTaskCheckFreeStackSpace), (8 bytes).
    Removing tasks.o(.text.uxTaskGetStackHighWaterMark), (70 bytes).
    Removing tasks.o(.ARM.exidx.text.uxTaskGetStackHighWaterMark), (8 bytes).
    Removing tasks.o(.text.xTaskGetCurrentTaskHandle), (20 bytes).
    Removing tasks.o(.ARM.exidx.text.xTaskGetCurrentTaskHandle), (8 bytes).
    Removing tasks.o(.text.xTaskGetCurrentTaskHandleForCore), (60 bytes).
    Removing tasks.o(.ARM.exidx.text.xTaskGetCurrentTaskHandleForCore), (8 bytes).
    Removing tasks.o(.ARM.exidx.text.xTaskGetSchedulerState), (8 bytes).
    Removing tasks.o(.ARM.exidx.text.xTaskPriorityInherit), (8 bytes).
    Removing tasks.o(.ARM.exidx.text.xTaskPriorityDisinherit), (8 bytes).
    Removing tasks.o(.ARM.exidx.text.vTaskPriorityDisinheritAfterTimeout), (8 bytes).
    Removing tasks.o(.text.uxTaskResetEventItemValue), (34 bytes).
    Removing tasks.o(.ARM.exidx.text.uxTaskResetEventItemValue), (8 bytes).
    Removing tasks.o(.ARM.exidx.text.pvTaskIncrementMutexHeldCount), (8 bytes).
    Removing tasks.o(.text.ulTaskGenericNotifyTake), (304 bytes).
    Removing tasks.o(.ARM.exidx.text.ulTaskGenericNotifyTake), (8 bytes).
    Removing tasks.o(.text.xTaskGenericNotifyWait), (336 bytes).
    Removing tasks.o(.ARM.exidx.text.xTaskGenericNotifyWait), (8 bytes).
    Removing tasks.o(.text.xTaskGenericNotify), (530 bytes).
    Removing tasks.o(.ARM.exidx.text.xTaskGenericNotify), (8 bytes).
    Removing tasks.o(.text.xTaskGenericNotifyFromISR), (644 bytes).
    Removing tasks.o(.ARM.exidx.text.xTaskGenericNotifyFromISR), (8 bytes).
    Removing tasks.o(.text.vTaskGenericNotifyGiveFromISR), (488 bytes).
    Removing tasks.o(.ARM.exidx.text.vTaskGenericNotifyGiveFromISR), (8 bytes).
    Removing tasks.o(.text.xTaskGenericNotifyStateClear), (120 bytes).
    Removing tasks.o(.ARM.exidx.text.xTaskGenericNotifyStateClear), (8 bytes).
    Removing tasks.o(.text.ulTaskGenericNotifyValueClear), (110 bytes).
    Removing tasks.o(.ARM.exidx.text.ulTaskGenericNotifyValueClear), (8 bytes).
    Removing tasks.o(.text.vApplicationGetIdleTaskMemory), (42 bytes).
    Removing tasks.o(.ARM.exidx.text.vApplicationGetIdleTaskMemory), (8 bytes).
    Removing tasks.o(.text.vApplicationGetTimerTaskMemory), (42 bytes).
    Removing tasks.o(.ARM.exidx.text.vApplicationGetTimerTaskMemory), (8 bytes).
    Removing tasks.o(.text.vTaskResetState), (160 bytes).
    Removing tasks.o(.ARM.exidx.text.vTaskResetState), (8 bytes).
    Removing tasks.o(.text.prvInitialiseNewTask), (264 bytes).
    Removing tasks.o(.ARM.exidx.text.prvInitialiseNewTask), (8 bytes).
    Removing tasks.o(.text.prvInitialiseTaskLists), (142 bytes).
    Removing tasks.o(.ARM.exidx.text.prvInitialiseTaskLists), (8 bytes).
    Removing tasks.o(.text.prvIdleTask), (56 bytes).
    Removing tasks.o(.ARM.exidx.text.prvIdleTask), (8 bytes).
    Removing tasks.o(.bss.uxTaskNumber), (4 bytes).
    Removing tasks.o(.bss.xTasksWaitingTermination), (20 bytes).
    Removing tasks.o(.bss.uxDeletedTasksWaitingCleanUp), (4 bytes).
    Removing tasks.o(.bss.xIdleTaskHandles), (4 bytes).
    Removing tasks.o(.rodata.uxTopUsedPriority), (4 bytes).
    Removing tasks.o(.bss.vApplicationGetIdleTaskMemory.xIdleTaskTCB), (92 bytes).
    Removing tasks.o(.bss.vApplicationGetIdleTaskMemory.uxIdleTaskStack), (512 bytes).
    Removing tasks.o(.bss.vApplicationGetTimerTaskMemory.xTimerTaskTCB), (92 bytes).
    Removing tasks.o(.bss.vApplicationGetTimerTaskMemory.uxTimerTaskStack), (512 bytes).
    Removing tasks.o(.bss.xDelayedTaskList1), (20 bytes).
    Removing tasks.o(.bss.xDelayedTaskList2), (20 bytes).
    Removing tasks.o(.rodata.str1.1), (5 bytes).
    Removing timers.o(.text), (0 bytes).
    Removing timers.o(.text.xTimerCreateTimerTask), (134 bytes).
    Removing timers.o(.ARM.exidx.text.xTimerCreateTimerTask), (8 bytes).
    Removing timers.o(.text.prvCheckForValidListAndQueue), (126 bytes).
    Removing timers.o(.ARM.exidx.text.prvCheckForValidListAndQueue), (8 bytes).
    Removing timers.o(.text.prvTimerTask), (30 bytes).
    Removing timers.o(.ARM.exidx.text.prvTimerTask), (8 bytes).
    Removing timers.o(.text.xTimerCreate), (74 bytes).
    Removing timers.o(.ARM.exidx.text.xTimerCreate), (8 bytes).
    Removing timers.o(.text.prvInitialiseNewTimer), (96 bytes).
    Removing timers.o(.ARM.exidx.text.prvInitialiseNewTimer), (8 bytes).
    Removing timers.o(.text.xTimerCreateStatic), (110 bytes).
    Removing timers.o(.ARM.exidx.text.xTimerCreateStatic), (8 bytes).
    Removing timers.o(.text.xTimerGenericCommandFromTask), (146 bytes).
    Removing timers.o(.ARM.exidx.text.xTimerGenericCommandFromTask), (8 bytes).
    Removing timers.o(.text.xTimerGenericCommandFromISR), (110 bytes).
    Removing timers.o(.ARM.exidx.text.xTimerGenericCommandFromISR), (8 bytes).
    Removing timers.o(.text.xTimerGetTimerDaemonTaskHandle), (34 bytes).
    Removing timers.o(.ARM.exidx.text.xTimerGetTimerDaemonTaskHandle), (8 bytes).
    Removing timers.o(.text.xTimerGetPeriod), (30 bytes).
    Removing timers.o(.ARM.exidx.text.xTimerGetPeriod), (8 bytes).
    Removing timers.o(.text.vTimerSetReloadMode), (76 bytes).
    Removing timers.o(.ARM.exidx.text.vTimerSetReloadMode), (8 bytes).
    Removing timers.o(.text.xTimerGetReloadMode), (64 bytes).
    Removing timers.o(.ARM.exidx.text.xTimerGetReloadMode), (8 bytes).
    Removing timers.o(.text.uxTimerGetReloadMode), (20 bytes).
    Removing timers.o(.ARM.exidx.text.uxTimerGetReloadMode), (8 bytes).
    Removing timers.o(.text.xTimerGetExpiryTime), (34 bytes).
    Removing timers.o(.ARM.exidx.text.xTimerGetExpiryTime), (8 bytes).
    Removing timers.o(.text.xTimerGetStaticBuffer), (62 bytes).
    Removing timers.o(.ARM.exidx.text.xTimerGetStaticBuffer), (8 bytes).
    Removing timers.o(.text.pcTimerGetName), (30 bytes).
    Removing timers.o(.ARM.exidx.text.pcTimerGetName), (8 bytes).
    Removing timers.o(.text.xTimerIsTimerActive), (62 bytes).
    Removing timers.o(.ARM.exidx.text.xTimerIsTimerActive), (8 bytes).
    Removing timers.o(.text.pvTimerGetTimerID), (44 bytes).
    Removing timers.o(.ARM.exidx.text.pvTimerGetTimerID), (8 bytes).
    Removing timers.o(.text.vTimerSetTimerID), (44 bytes).
    Removing timers.o(.ARM.exidx.text.vTimerSetTimerID), (8 bytes).
    Removing timers.o(.text.xTimerPendFunctionCallFromISR), (58 bytes).
    Removing timers.o(.ARM.exidx.text.xTimerPendFunctionCallFromISR), (8 bytes).
    Removing timers.o(.text.xTimerPendFunctionCall), (80 bytes).
    Removing timers.o(.ARM.exidx.text.xTimerPendFunctionCall), (8 bytes).
    Removing timers.o(.text.uxTimerGetTimerNumber), (12 bytes).
    Removing timers.o(.ARM.exidx.text.uxTimerGetTimerNumber), (8 bytes).
    Removing timers.o(.text.vTimerSetTimerNumber), (16 bytes).
    Removing timers.o(.ARM.exidx.text.vTimerSetTimerNumber), (8 bytes).
    Removing timers.o(.text.vTimerResetState), (24 bytes).
    Removing timers.o(.ARM.exidx.text.vTimerResetState), (8 bytes).
    Removing timers.o(.text.prvGetNextExpireTime), (64 bytes).
    Removing timers.o(.ARM.exidx.text.prvGetNextExpireTime), (8 bytes).
    Removing timers.o(.text.prvProcessTimerOrBlockTask), (154 bytes).
    Removing timers.o(.ARM.exidx.text.prvProcessTimerOrBlockTask), (8 bytes).
    Removing timers.o(.text.prvProcessReceivedCommands), (378 bytes).
    Removing timers.o(.ARM.exidx.text.prvProcessReceivedCommands), (8 bytes).
    Removing timers.o(.text.prvSampleTimeNow), (68 bytes).
    Removing timers.o(.ARM.exidx.text.prvSampleTimeNow), (8 bytes).
    Removing timers.o(.text.prvProcessExpiredTimer), (84 bytes).
    Removing timers.o(.ARM.exidx.text.prvProcessExpiredTimer), (8 bytes).
    Removing timers.o(.text.prvSwitchTimerLists), (82 bytes).
    Removing timers.o(.ARM.exidx.text.prvSwitchTimerLists), (8 bytes).
    Removing timers.o(.text.prvReloadTimer), (52 bytes).
    Removing timers.o(.ARM.exidx.text.prvReloadTimer), (8 bytes).
    Removing timers.o(.text.prvInsertTimerInActiveList), (134 bytes).
    Removing timers.o(.ARM.exidx.text.prvInsertTimerInActiveList), (8 bytes).
    Removing timers.o(.bss.xTimerQueue), (4 bytes).
    Removing timers.o(.rodata.str1.1), (8 bytes).
    Removing timers.o(.bss.xTimerTaskHandle), (4 bytes).
    Removing timers.o(.bss.pxCurrentTimerList), (4 bytes).
    Removing timers.o(.bss.pxOverflowTimerList), (4 bytes).
    Removing timers.o(.bss.prvSampleTimeNow.xLastTime), (4 bytes).
    Removing timers.o(.bss.xActiveTimerList1), (20 bytes).
    Removing timers.o(.bss.xActiveTimerList2), (20 bytes).
    Removing timers.o(.bss.prvCheckForValidListAndQueue.xStaticTimerQueue), (80 bytes).
    Removing timers.o(.bss.prvCheckForValidListAndQueue.ucStaticTimerQueueStorage), (80 bytes).

564 unused section(s) (total 31040 bytes) removed from the image.

==============================================================================

Image Symbol Table

    Local Symbols

    Symbol Name                              Value     Ov Type        Size  Object(Section)

    ../clib/angel/boardlib.s                 0x00000000   Number         0  boardinit1.o ABSOLUTE
    ../clib/angel/boardlib.s                 0x00000000   Number         0  boardinit3.o ABSOLUTE
    ../clib/angel/boardlib.s                 0x00000000   Number         0  boardshut.o ABSOLUTE
    ../clib/angel/handlers.s                 0x00000000   Number         0  __scatter_copy.o ABSOLUTE
    ../clib/angel/handlers.s                 0x00000000   Number         0  __scatter_zi.o ABSOLUTE
    ../clib/angel/kernel.s                   0x00000000   Number         0  __rtentry.o ABSOLUTE
    ../clib/angel/kernel.s                   0x00000000   Number         0  __rtentry2.o ABSOLUTE
    ../clib/angel/kernel.s                   0x00000000   Number         0  __rtentry4.o ABSOLUTE
    ../clib/angel/kernel.s                   0x00000000   Number         0  rtexit.o ABSOLUTE
    ../clib/angel/kernel.s                   0x00000000   Number         0  rtexit2.o ABSOLUTE
    ../clib/angel/rt.s                       0x00000000   Number         0  rt_raise.o ABSOLUTE
    ../clib/angel/scatter.s                  0x00000000   Number         0  __scatter.o ABSOLUTE
    ../clib/angel/startup.s                  0x00000000   Number         0  __main.o ABSOLUTE
    ../clib/angel/sys.s                      0x00000000   Number         0  sys_stackheap_outer.o ABSOLUTE
    ../clib/angel/sys.s                      0x00000000   Number         0  libspace.o ABSOLUTE
    ../clib/angel/sys.s                      0x00000000   Number         0  use_no_semi.o ABSOLUTE
    ../clib/angel/sys.s                      0x00000000   Number         0  indicate_semi.o ABSOLUTE
    ../clib/angel/sysapp.c                   0x00000000   Number         0  sys_exit.o ABSOLUTE
    ../clib/angel/sysapp.c                   0x00000000   Number         0  sys_exit_hlt.o ABSOLUTE
    ../clib/angel/sysapp.c                   0x00000000   Number         0  sys_command.o ABSOLUTE
    ../clib/angel/sysapp.c                   0x00000000   Number         0  sys_command_hlt.o ABSOLUTE
    ../clib/angel/sysapp.c                   0x00000000   Number         0  sys_wrch.o ABSOLUTE
    ../clib/angel/sysapp.c                   0x00000000   Number         0  sys_wrch_hlt.o ABSOLUTE
    ../clib/armsys.c                         0x00000000   Number         0  argv_veneer.o ABSOLUTE
    ../clib/armsys.c                         0x00000000   Number         0  argv_veneer.o ABSOLUTE
    ../clib/armsys.c                         0x00000000   Number         0  _get_argv_nomalloc.o ABSOLUTE
    ../clib/armsys.c                         0x00000000   Number         0  no_argv.o ABSOLUTE
    ../clib/heapalloc.c                      0x00000000   Number         0  hrguard.o ABSOLUTE
    ../clib/heapaux.c                        0x00000000   Number         0  heapauxi.o ABSOLUTE
    ../clib/libinit.s                        0x00000000   Number         0  libinit.o ABSOLUTE
    ../clib/libinit.s                        0x00000000   Number         0  libinit2.o ABSOLUTE
    ../clib/libinit.s                        0x00000000   Number         0  libshutdown.o ABSOLUTE
    ../clib/libinit.s                        0x00000000   Number         0  libshutdown2.o ABSOLUTE
    ../clib/memcpset.s                       0x00000000   Number         0  rt_memcpy_v6.o ABSOLUTE
    ../clib/memcpset.s                       0x00000000   Number         0  aeabi_memset4.o ABSOLUTE
    ../clib/memcpset.s                       0x00000000   Number         0  rt_memclr.o ABSOLUTE
    ../clib/memcpset.s                       0x00000000   Number         0  rt_memcpy_w.o ABSOLUTE
    ../clib/memcpset.s                       0x00000000   Number         0  rt_memclr_w.o ABSOLUTE
    ../clib/signal.c                         0x00000000   Number         0  defsig_rtmem_outer.o ABSOLUTE
    ../clib/signal.c                         0x00000000   Number         0  defsig_rtmem_formal.o ABSOLUTE
    ../clib/signal.c                         0x00000000   Number         0  defsig_exit.o ABSOLUTE
    ../clib/signal.c                         0x00000000   Number         0  defsig_rtmem_inner.o ABSOLUTE
    ../clib/signal.c                         0x00000000   Number         0  __raise.o ABSOLUTE
    ../clib/signal.c                         0x00000000   Number         0  defsig_general.o ABSOLUTE
    ../clib/signal.c                         0x00000000   Number         0  defsig_abrt_inner.o ABSOLUTE
    ../clib/signal.c                         0x00000000   Number         0  defsig_fpe_inner.o ABSOLUTE
    ../clib/signal.c                         0x00000000   Number         0  defsig_rtred_inner.o ABSOLUTE
    ../clib/signal.c                         0x00000000   Number         0  defsig_stak_inner.o ABSOLUTE
    ../clib/signal.c                         0x00000000   Number         0  defsig_pvfn_inner.o ABSOLUTE
    ../clib/signal.c                         0x00000000   Number         0  defsig_cppl_inner.o ABSOLUTE
    ../clib/signal.c                         0x00000000   Number         0  defsig_segv_inner.o ABSOLUTE
    ../clib/signal.c                         0x00000000   Number         0  defsig_other.o ABSOLUTE
    ../clib/signal.s                         0x00000000   Number         0  defsig.o ABSOLUTE
    ../clib/stdlib.c                         0x00000000   Number         0  exit.o ABSOLUTE
    ../fplib/fpinit.s                        0x00000000   Number         0  fpinit.o ABSOLUTE
    Lcd.c                                    0x00000000   Number         0  lcd.o ABSOLUTE
    RTE/Device/STM32F407VGTx/startup_stm32f407xx.s 0x00000000   Number         0  startup_stm32f407xx.o ABSOLUTE
    clib_os.c                                0x00000000   Number         0  clib_os.o ABSOLUTE
    cmsis_os2.c                              0x00000000   Number         0  cmsis_os2.o ABSOLUTE
    dc.s                                     0x00000000   Number         0  dc.o ABSOLUTE
    event_groups.c                           0x00000000   Number         0  event_groups.o ABSOLUTE
    freertos_evr.c                           0x00000000   Number         0  freertos_evr.o ABSOLUTE
    heap_1.c                                 0x00000000   Number         0  heap_1.o ABSOLUTE
    list.c                                   0x00000000   Number         0  list.o ABSOLUTE
    os_systick.c                             0x00000000   Number         0  os_systick.o ABSOLUTE
    port.c                                   0x00000000   Number         0  port.o ABSOLUTE
    queue.c                                  0x00000000   Number         0  queue.o ABSOLUTE
    system_stm32f4xx.c                       0x00000000   Number         0  system_stm32f4xx.o ABSOLUTE
    tasks.c                                  0x00000000   Number         0  tasks.o ABSOLUTE
    timers.c                                 0x00000000   Number         0  timers.o ABSOLUTE
    RESET                                    0x08000000   Section      392  startup_stm32f407xx.o(RESET)
    !!!main                                  0x08000188   Section        8  __main.o(!!!main)
    !!!scatter                               0x08000190   Section       92  __scatter.o(!!!scatter)
    !!handler_copy                           0x080001ec   Section       26  __scatter_copy.o(!!handler_copy)
    !!handler_null                           0x08000208   Section        2  __scatter.o(!!handler_null)
    !!handler_zi                             0x0800020c   Section       28  __scatter_zi.o(!!handler_zi)
    .ARM.Collect$$libinit$$00000000          0x08000228   Section        2  libinit.o(.ARM.Collect$$libinit$$00000000)
    .ARM.Collect$$libinit$$00000001          0x0800022a   Section        4  libinit2.o(.ARM.Collect$$libinit$$00000001)
    .ARM.Collect$$libinit$$00000004          0x0800022e   Section        0  libinit2.o(.ARM.Collect$$libinit$$00000004)
    .ARM.Collect$$libinit$$00000006          0x0800022e   Section        0  libinit2.o(.ARM.Collect$$libinit$$00000006)
    .ARM.Collect$$libinit$$0000000C          0x0800022e   Section        0  libinit2.o(.ARM.Collect$$libinit$$0000000C)
    .ARM.Collect$$libinit$$0000000E          0x0800022e   Section        0  libinit2.o(.ARM.Collect$$libinit$$0000000E)
    .ARM.Collect$$libinit$$00000010          0x0800022e   Section        0  libinit2.o(.ARM.Collect$$libinit$$00000010)
    .ARM.Collect$$libinit$$00000013          0x0800022e   Section        0  libinit2.o(.ARM.Collect$$libinit$$00000013)
    .ARM.Collect$$libinit$$00000015          0x0800022e   Section        0  libinit2.o(.ARM.Collect$$libinit$$00000015)
    .ARM.Collect$$libinit$$00000017          0x0800022e   Section        0  libinit2.o(.ARM.Collect$$libinit$$00000017)
    .ARM.Collect$$libinit$$00000019          0x0800022e   Section        0  libinit2.o(.ARM.Collect$$libinit$$00000019)
    .ARM.Collect$$libinit$$0000001B          0x0800022e   Section        0  libinit2.o(.ARM.Collect$$libinit$$0000001B)
    .ARM.Collect$$libinit$$0000001D          0x0800022e   Section        0  libinit2.o(.ARM.Collect$$libinit$$0000001D)
    .ARM.Collect$$libinit$$0000001F          0x0800022e   Section        0  libinit2.o(.ARM.Collect$$libinit$$0000001F)
    .ARM.Collect$$libinit$$00000021          0x0800022e   Section        0  libinit2.o(.ARM.Collect$$libinit$$00000021)
    .ARM.Collect$$libinit$$00000023          0x0800022e   Section        0  libinit2.o(.ARM.Collect$$libinit$$00000023)
    .ARM.Collect$$libinit$$00000025          0x0800022e   Section        0  libinit2.o(.ARM.Collect$$libinit$$00000025)
    .ARM.Collect$$libinit$$00000027          0x0800022e   Section        0  libinit2.o(.ARM.Collect$$libinit$$00000027)
    .ARM.Collect$$libinit$$0000002E          0x0800022e   Section        0  libinit2.o(.ARM.Collect$$libinit$$0000002E)
    .ARM.Collect$$libinit$$00000030          0x0800022e   Section        0  libinit2.o(.ARM.Collect$$libinit$$00000030)
    .ARM.Collect$$libinit$$00000032          0x0800022e   Section        0  libinit2.o(.ARM.Collect$$libinit$$00000032)
    .ARM.Collect$$libinit$$00000034          0x0800022e   Section        0  libinit2.o(.ARM.Collect$$libinit$$00000034)
    .ARM.Collect$$libinit$$00000035          0x0800022e   Section        2  libinit2.o(.ARM.Collect$$libinit$$00000035)
    .ARM.Collect$$libshutdown$$00000000      0x08000230   Section        2  libshutdown.o(.ARM.Collect$$libshutdown$$00000000)
    .ARM.Collect$$libshutdown$$00000002      0x08000232   Section        0  libshutdown2.o(.ARM.Collect$$libshutdown$$00000002)
    .ARM.Collect$$libshutdown$$00000004      0x08000232   Section        0  libshutdown2.o(.ARM.Collect$$libshutdown$$00000004)
    .ARM.Collect$$libshutdown$$00000007      0x08000232   Section        0  libshutdown2.o(.ARM.Collect$$libshutdown$$00000007)
    .ARM.Collect$$libshutdown$$0000000A      0x08000232   Section        0  libshutdown2.o(.ARM.Collect$$libshutdown$$0000000A)
    .ARM.Collect$$libshutdown$$0000000C      0x08000232   Section        0  libshutdown2.o(.ARM.Collect$$libshutdown$$0000000C)
    .ARM.Collect$$libshutdown$$0000000F      0x08000232   Section        0  libshutdown2.o(.ARM.Collect$$libshutdown$$0000000F)
    .ARM.Collect$$libshutdown$$00000010      0x08000232   Section        2  libshutdown2.o(.ARM.Collect$$libshutdown$$00000010)
    .ARM.Collect$$rtentry$$00000000          0x08000234   Section        0  __rtentry.o(.ARM.Collect$$rtentry$$00000000)
    .ARM.Collect$$rtentry$$00000002          0x08000234   Section        0  __rtentry2.o(.ARM.Collect$$rtentry$$00000002)
    .ARM.Collect$$rtentry$$00000004          0x08000234   Section        6  __rtentry4.o(.ARM.Collect$$rtentry$$00000004)
    .ARM.Collect$$rtentry$$00000008          0x0800023a   Section        8  __rtentry2.o(.ARM.Collect$$rtentry$$00000008)
    .ARM.Collect$$rtentry$$0000000A          0x08000242   Section        4  __rtentry2.o(.ARM.Collect$$rtentry$$0000000A)
    .ARM.Collect$$rtentry$$0000000C          0x08000246   Section        0  __rtentry2.o(.ARM.Collect$$rtentry$$0000000C)
    .ARM.Collect$$rtentry$$0000000D          0x08000246   Section        8  __rtentry2.o(.ARM.Collect$$rtentry$$0000000D)
    .ARM.Collect$$rtexit$$00000000           0x0800024e   Section        2  rtexit.o(.ARM.Collect$$rtexit$$00000000)
    .ARM.Collect$$rtexit$$00000002           0x08000250   Section        0  rtexit2.o(.ARM.Collect$$rtexit$$00000002)
    .ARM.Collect$$rtexit$$00000003           0x08000250   Section        4  rtexit2.o(.ARM.Collect$$rtexit$$00000003)
    .ARM.Collect$$rtexit$$00000004           0x08000254   Section        6  rtexit2.o(.ARM.Collect$$rtexit$$00000004)
    $v0                                      0x0800025c   Number         0  startup_stm32f407xx.o(.text)
    .text                                    0x0800025c   Section       64  startup_stm32f407xx.o(.text)
    .text                                    0x0800029c   Section      138  rt_memcpy_v6.o(.text)
    .text                                    0x08000326   Section        0  heapauxi.o(.text)
    .text                                    0x0800032c   Section      100  rt_memcpy_w.o(.text)
    .text                                    0x08000390   Section       74  sys_stackheap_outer.o(.text)
    .text                                    0x080003da   Section        0  exit.o(.text)
    .text                                    0x080003ec   Section        8  libspace.o(.text)
    .text                                    0x080003f4   Section        0  sys_exit.o(.text)
    .text                                    0x08000400   Section        2  use_no_semi.o(.text)
    .text                                    0x08000402   Section        0  indicate_semi.o(.text)
    [Anonymous Symbol]                       0x08000404   Section        0  clib_os.o(.text.$Sub$$_fp_init)
    [Anonymous Symbol]                       0x0800041c   Section        0  port.o(.text.PendSV_Handler)
    [Anonymous Symbol]                       0x0800047c   Section        0  port.o(.text.SVC_Handler)
    [Anonymous Symbol]                       0x0800049c   Section        0  cmsis_os2.o(.text.SysTick_Handler)
    [Anonymous Symbol]                       0x080004bc   Section        0  system_stm32f4xx.o(.text.SystemCoreClockUpdate)
    [Anonymous Symbol]                       0x080005ec   Section        0  system_stm32f4xx.o(.text.SystemInit)
    __tagsym$$used.1                         0x08000600   Number         0  clib_os.o(.text._mutex_acquire)
    [Anonymous Symbol]                       0x08000600   Section        0  clib_os.o(.text._mutex_acquire)
    __tagsym$$used.3                         0x08000628   Number         0  clib_os.o(.text._mutex_free)
    [Anonymous Symbol]                       0x08000628   Section        0  clib_os.o(.text._mutex_free)
    __tagsym$$used.0                         0x0800067c   Number         0  clib_os.o(.text._mutex_initialize)
    [Anonymous Symbol]                       0x0800067c   Section        0  clib_os.o(.text._mutex_initialize)
    __tagsym$$used.2                         0x08000724   Number         0  clib_os.o(.text._mutex_release)
    [Anonymous Symbol]                       0x08000724   Section        0  clib_os.o(.text._mutex_release)
    [Anonymous Symbol]                       0x08000750   Section        0  clib_os.o(.text._platform_post_stackheap_init)
    [Anonymous Symbol]                       0x08000754   Section        0  lcd.o(.text.delayMS)
    is_thread_mode                           0x08000785   Thumb Code    32  clib_os.o(.text.is_thread_mode)
    [Anonymous Symbol]                       0x08000784   Section        0  clib_os.o(.text.is_thread_mode)
    [Anonymous Symbol]                       0x080007a4   Section        0  lcd.o(.text.lcd_GPIO_init)
    [Anonymous Symbol]                       0x08000800   Section        0  lcd.o(.text.lcd_cmd)
    [Anonymous Symbol]                       0x08000840   Section        0  lcd.o(.text.lcd_data)
    [Anonymous Symbol]                       0x08000878   Section        0  lcd.o(.text.lcd_init)
    [Anonymous Symbol]                       0x080008ec   Section        0  lcd.o(.text.lcd_print)
    [Anonymous Symbol]                       0x08000910   Section        0  lcd.o(.text.lcd_pulse_enable)
    [Anonymous Symbol]                       0x0800094c   Section        0  lcd.o(.text.lcd_write_nibble)
    [Anonymous Symbol]                       0x08000978   Section        0  lcd.o(.text.main)
    os_kernel_is_active                      0x080009e5   Thumb Code    32  clib_os.o(.text.os_kernel_is_active)
    [Anonymous Symbol]                       0x080009e4   Section        0  clib_os.o(.text.os_kernel_is_active)
    prvAddCurrentTaskToDelayedList           0x08000a05   Thumb Code   270  tasks.o(.text.prvAddCurrentTaskToDelayedList)
    [Anonymous Symbol]                       0x08000a04   Section        0  tasks.o(.text.prvAddCurrentTaskToDelayedList)
    prvCopyDataToQueue                       0x08000b15   Thumb Code   204  queue.o(.text.prvCopyDataToQueue)
    [Anonymous Symbol]                       0x08000b14   Section        0  queue.o(.text.prvCopyDataToQueue)
    prvGetHighestPriorityOfWaitToReceiveList 0x08000be1   Thumb Code    38  queue.o(.text.prvGetHighestPriorityOfWaitToReceiveList)
    [Anonymous Symbol]                       0x08000be0   Section        0  queue.o(.text.prvGetHighestPriorityOfWaitToReceiveList)
    prvInitialiseMutex                       0x08000c09   Thumb Code    44  queue.o(.text.prvInitialiseMutex)
    [Anonymous Symbol]                       0x08000c08   Section        0  queue.o(.text.prvInitialiseMutex)
    prvInitialiseNewQueue                    0x08000c35   Thumb Code    72  queue.o(.text.prvInitialiseNewQueue)
    [Anonymous Symbol]                       0x08000c34   Section        0  queue.o(.text.prvInitialiseNewQueue)
    prvIsQueueEmpty                          0x08000c7d   Thumb Code    40  queue.o(.text.prvIsQueueEmpty)
    [Anonymous Symbol]                       0x08000c7c   Section        0  queue.o(.text.prvIsQueueEmpty)
    prvIsQueueFull                           0x08000ca5   Thumb Code    46  queue.o(.text.prvIsQueueFull)
    [Anonymous Symbol]                       0x08000ca4   Section        0  queue.o(.text.prvIsQueueFull)
    prvResetNextTaskUnblockTime              0x08000cd5   Thumb Code    60  tasks.o(.text.prvResetNextTaskUnblockTime)
    [Anonymous Symbol]                       0x08000cd4   Section        0  tasks.o(.text.prvResetNextTaskUnblockTime)
    prvUnlockQueue                           0x08000d11   Thumb Code   174  queue.o(.text.prvUnlockQueue)
    [Anonymous Symbol]                       0x08000d10   Section        0  queue.o(.text.prvUnlockQueue)
    [Anonymous Symbol]                       0x08000dc0   Section        0  heap_1.o(.text.pvPortMalloc)
    [Anonymous Symbol]                       0x08000e88   Section        0  tasks.o(.text.pvTaskIncrementMutexHeldCount)
    [Anonymous Symbol]                       0x08000eac   Section        0  list.o(.text.uxListRemove)
    [Anonymous Symbol]                       0x08000ef4   Section        0  cmsis_os2.o(.text.vApplicationStackOverflowHook)
    [Anonymous Symbol]                       0x08000f04   Section        0  list.o(.text.vListInitialise)
    [Anonymous Symbol]                       0x08000f34   Section        0  list.o(.text.vListInsert)
    [Anonymous Symbol]                       0x08000fa0   Section        0  port.o(.text.vPortEnterCritical)
    [Anonymous Symbol]                       0x08000fe8   Section        0  port.o(.text.vPortExitCritical)
    [Anonymous Symbol]                       0x08001024   Section        0  heap_1.o(.text.vPortFree)
    [Anonymous Symbol]                       0x0800103c   Section        0  queue.o(.text.vQueueDelete)
    [Anonymous Symbol]                       0x0800106c   Section        0  tasks.o(.text.vTaskInternalSetTimeOutState)
    [Anonymous Symbol]                       0x08001090   Section        0  tasks.o(.text.vTaskMissedYield)
    [Anonymous Symbol]                       0x080010a0   Section        0  tasks.o(.text.vTaskPlaceOnEventList)
    [Anonymous Symbol]                       0x080010d4   Section        0  tasks.o(.text.vTaskPriorityDisinheritAfterTimeout)
    [Anonymous Symbol]                       0x0800123c   Section        0  tasks.o(.text.vTaskSuspendAll)
    __tagsym$$used.0                         0x0800124c   Number         0  tasks.o(.text.vTaskSwitchContext)
    [Anonymous Symbol]                       0x0800124c   Section        0  tasks.o(.text.vTaskSwitchContext)
    [Anonymous Symbol]                       0x08001384   Section        0  port.o(.text.xPortSysTickHandler)
    [Anonymous Symbol]                       0x080013c4   Section        0  queue.o(.text.xQueueCreateMutex)
    [Anonymous Symbol]                       0x080013ec   Section        0  queue.o(.text.xQueueCreateMutexStatic)
    [Anonymous Symbol]                       0x08001420   Section        0  queue.o(.text.xQueueGenericCreate)
    [Anonymous Symbol]                       0x080014b4   Section        0  queue.o(.text.xQueueGenericCreateStatic)
    [Anonymous Symbol]                       0x08001554   Section        0  queue.o(.text.xQueueGenericReset)
    [Anonymous Symbol]                       0x08001640   Section        0  queue.o(.text.xQueueGenericSend)
    [Anonymous Symbol]                       0x08001834   Section        0  queue.o(.text.xQueueSemaphoreTake)
    [Anonymous Symbol]                       0x08001a1c   Section        0  tasks.o(.text.xTaskCheckForTimeOut)
    [Anonymous Symbol]                       0x08001afc   Section        0  tasks.o(.text.xTaskGetSchedulerState)
    [Anonymous Symbol]                       0x08001b34   Section        0  tasks.o(.text.xTaskIncrementTick)
    [Anonymous Symbol]                       0x08001dac   Section        0  tasks.o(.text.xTaskPriorityDisinherit)
    [Anonymous Symbol]                       0x08001ecc   Section        0  tasks.o(.text.xTaskPriorityInherit)
    [Anonymous Symbol]                       0x08002028   Section        0  tasks.o(.text.xTaskRemoveFromEventList)
    [Anonymous Symbol]                       0x080021cc   Section        0  tasks.o(.text.xTaskResumeAll)
    $v0                                      0x08002414   Number         0  fpinit.o(x$fpl$fpinit)
    x$fpl$fpinit                             0x08002414   Section       26  fpinit.o(x$fpl$fpinit)
    .L.str.2                                 0x0800243e   Data          12  lcd.o(.rodata.str1.1)
    [Anonymous Symbol]                       0x0800243e   Section        0  lcd.o(.rodata.str1.1)
    .L.str.3                                 0x0800244a   Data          14  lcd.o(.rodata.str1.1)
    .L.str.1                                 0x08002458   Data          14  lcd.o(.rodata.str1.1)
    .L.str                                   0x08002466   Data          14  lcd.o(.rodata.str1.1)
    uxCriticalNesting                        0x20000004   Data           4  port.o(.data.uxCriticalNesting)
    [Anonymous Symbol]                       0x20000004   Section        0  port.o(.data.uxCriticalNesting)
    .bss                                     0x20000008   Section       96  libspace.o(.bss)
    clib_mutex_cb                            0x20000068   Data         400  clib_os.o(.bss.clib_mutex_cb)
    [Anonymous Symbol]                       0x20000068   Section        0  clib_os.o(.bss.clib_mutex_cb)
    clib_mutex_id                            0x200001f8   Data          20  clib_os.o(.bss.clib_mutex_id)
    [Anonymous Symbol]                       0x200001f8   Section        0  clib_os.o(.bss.clib_mutex_id)
    pvPortMalloc.pucAlignedHeap              0x2000020c   Data           4  heap_1.o(.bss.pvPortMalloc.pucAlignedHeap)
    [Anonymous Symbol]                       0x2000020c   Section        0  heap_1.o(.bss.pvPortMalloc.pucAlignedHeap)
    __tagsym$$used.1                         0x20000210   Number         0  tasks.o(.bss.pxCurrentTCB)
    pxDelayedTaskList                        0x20000214   Data           4  tasks.o(.bss.pxDelayedTaskList)
    [Anonymous Symbol]                       0x20000214   Section        0  tasks.o(.bss.pxDelayedTaskList)
    pxOverflowDelayedTaskList                0x20000218   Data           4  tasks.o(.bss.pxOverflowDelayedTaskList)
    [Anonymous Symbol]                       0x20000218   Section        0  tasks.o(.bss.pxOverflowDelayedTaskList)
    pxReadyTasksLists                        0x2000021c   Data        1120  tasks.o(.bss.pxReadyTasksLists)
    [Anonymous Symbol]                       0x2000021c   Section        0  tasks.o(.bss.pxReadyTasksLists)
    ucHeap                                   0x2000067c   Data        8192  heap_1.o(.bss.ucHeap)
    [Anonymous Symbol]                       0x2000067c   Section        0  heap_1.o(.bss.ucHeap)
    uxCurrentNumberOfTasks                   0x2000267c   Data           4  tasks.o(.bss.uxCurrentNumberOfTasks)
    [Anonymous Symbol]                       0x2000267c   Section        0  tasks.o(.bss.uxCurrentNumberOfTasks)
    uxSchedulerSuspended                     0x20002680   Data           4  tasks.o(.bss.uxSchedulerSuspended)
    [Anonymous Symbol]                       0x20002680   Section        0  tasks.o(.bss.uxSchedulerSuspended)
    uxTopReadyPriority                       0x20002684   Data           4  tasks.o(.bss.uxTopReadyPriority)
    [Anonymous Symbol]                       0x20002684   Section        0  tasks.o(.bss.uxTopReadyPriority)
    xNextFreeByte                            0x20002688   Data           4  heap_1.o(.bss.xNextFreeByte)
    [Anonymous Symbol]                       0x20002688   Section        0  heap_1.o(.bss.xNextFreeByte)
    xNextTaskUnblockTime                     0x2000268c   Data           4  tasks.o(.bss.xNextTaskUnblockTime)
    [Anonymous Symbol]                       0x2000268c   Section        0  tasks.o(.bss.xNextTaskUnblockTime)
    xNumOfOverflows                          0x20002690   Data           4  tasks.o(.bss.xNumOfOverflows)
    [Anonymous Symbol]                       0x20002690   Section        0  tasks.o(.bss.xNumOfOverflows)
    xPendedTicks                             0x20002694   Data           4  tasks.o(.bss.xPendedTicks)
    [Anonymous Symbol]                       0x20002694   Section        0  tasks.o(.bss.xPendedTicks)
    xPendingReadyList                        0x20002698   Data          20  tasks.o(.bss.xPendingReadyList)
    [Anonymous Symbol]                       0x20002698   Section        0  tasks.o(.bss.xPendingReadyList)
    xSchedulerRunning                        0x200026ac   Data           4  tasks.o(.bss.xSchedulerRunning)
    [Anonymous Symbol]                       0x200026ac   Section        0  tasks.o(.bss.xSchedulerRunning)
    xSuspendedTaskList                       0x200026b0   Data          20  tasks.o(.bss.xSuspendedTaskList)
    [Anonymous Symbol]                       0x200026b0   Section        0  tasks.o(.bss.xSuspendedTaskList)
    xTickCount                               0x200026c4   Data           4  tasks.o(.bss.xTickCount)
    [Anonymous Symbol]                       0x200026c4   Section        0  tasks.o(.bss.xTickCount)
    xYieldPendings                           0x200026c8   Data           4  tasks.o(.bss.xYieldPendings)
    [Anonymous Symbol]                       0x200026c8   Section        0  tasks.o(.bss.xYieldPendings)
    Heap_Mem                                 0x200026d0   Data         512  startup_stm32f407xx.o(HEAP)
    HEAP                                     0x200026d0   Section      512  startup_stm32f407xx.o(HEAP)
    Stack_Mem                                0x200028d0   Data        1024  startup_stm32f407xx.o(STACK)
    STACK                                    0x200028d0   Section     1024  startup_stm32f407xx.o(STACK)
    __initial_sp                             0x20002cd0   Data           0  startup_stm32f407xx.o(STACK)

    Global Symbols

    Symbol Name                              Value     Ov Type        Size  Object(Section)

    BuildAttributes$$THM_ISAv4$E$P$D$K$B$S$7EM$VFPi3$EXTD16$VFPS$VFMA$PE$A:L22UL41UL21$X:L11$S22US41US21$IEEE1$IW$~IW$USESV6$~STKCKD$USESV7$~SHL$OSPACE$ROPI$EBA8$UX$STANDARDLIB$REQ8$PRES8$EABIv2 0x00000000   Number         0  anon$$obj.o ABSOLUTE
    __ARM_exceptions_init                     - Undefined Weak Reference
    __alloca_initialize                       - Undefined Weak Reference
    __arm_preinit_                            - Undefined Weak Reference
    __arm_relocate_pie_                       - Undefined Weak Reference
    __cpp_initialize__aeabi_                  - Undefined Weak Reference
    __cxa_finalize                            - Undefined Weak Reference
    __rt_locale                               - Undefined Weak Reference
    __sigvec_lookup                           - Undefined Weak Reference
    _atexit_init                              - Undefined Weak Reference
    _call_atexit_fns                          - Undefined Weak Reference
    _clock_init                               - Undefined Weak Reference
    _fp_trap_init                             - Undefined Weak Reference
    _fp_trap_shutdown                         - Undefined Weak Reference
    _get_lc_collate                           - Undefined Weak Reference
    _get_lc_ctype                             - Undefined Weak Reference
    _get_lc_monetary                          - Undefined Weak Reference
    _get_lc_numeric                           - Undefined Weak Reference
    _get_lc_time                              - Undefined Weak Reference
    _getenv_init                              - Undefined Weak Reference
    _handle_redirection                       - Undefined Weak Reference
    _init_alloc                               - Undefined Weak Reference
    _init_user_alloc                          - Undefined Weak Reference
    _initio                                   - Undefined Weak Reference
    _rand_init                                - Undefined Weak Reference
    _signal_finish                            - Undefined Weak Reference
    _signal_init                              - Undefined Weak Reference
    _terminate_alloc                          - Undefined Weak Reference
    _terminate_user_alloc                     - Undefined Weak Reference
    _terminateio                              - Undefined Weak Reference
    __Vectors_Size                           0x00000188   Number         0  startup_stm32f407xx.o ABSOLUTE
    __Vectors                                0x08000000   Data           4  startup_stm32f407xx.o(RESET)
    __Vectors_End                            0x08000188   Data           0  startup_stm32f407xx.o(RESET)
    __main                                   0x08000189   Thumb Code     8  __main.o(!!!main)
    __scatterload                            0x08000191   Thumb Code     0  __scatter.o(!!!scatter)
    __scatterload_rt2                        0x08000191   Thumb Code    84  __scatter.o(!!!scatter)
    __scatterload_rt2_thumb_only             0x08000191   Thumb Code     0  __scatter.o(!!!scatter)
    __scatterload_loop                       0x0800019b   Thumb Code     0  __scatter.o(!!!scatter)
    __scatterload_copy                       0x080001ed   Thumb Code    26  __scatter_copy.o(!!handler_copy)
    __scatterload_null                       0x08000209   Thumb Code     2  __scatter.o(!!handler_null)
    __scatterload_zeroinit                   0x0800020d   Thumb Code    28  __scatter_zi.o(!!handler_zi)
    __rt_lib_init                            0x08000229   Thumb Code     0  libinit.o(.ARM.Collect$$libinit$$00000000)
    __rt_lib_init_fp_1                       0x0800022b   Thumb Code     0  libinit2.o(.ARM.Collect$$libinit$$00000001)
    __rt_lib_init_alloca_1                   0x0800022f   Thumb Code     0  libinit2.o(.ARM.Collect$$libinit$$00000030)
    __rt_lib_init_argv_1                     0x0800022f   Thumb Code     0  libinit2.o(.ARM.Collect$$libinit$$0000002E)
    __rt_lib_init_atexit_1                   0x0800022f   Thumb Code     0  libinit2.o(.ARM.Collect$$libinit$$0000001D)
    __rt_lib_init_clock_1                    0x0800022f   Thumb Code     0  libinit2.o(.ARM.Collect$$libinit$$00000023)
    __rt_lib_init_cpp_1                      0x0800022f   Thumb Code     0  libinit2.o(.ARM.Collect$$libinit$$00000034)
    __rt_lib_init_exceptions_1               0x0800022f   Thumb Code     0  libinit2.o(.ARM.Collect$$libinit$$00000032)
    __rt_lib_init_fp_trap_1                  0x0800022f   Thumb Code     0  libinit2.o(.ARM.Collect$$libinit$$00000021)
    __rt_lib_init_getenv_1                   0x0800022f   Thumb Code     0  libinit2.o(.ARM.Collect$$libinit$$00000025)
    __rt_lib_init_heap_1                     0x0800022f   Thumb Code     0  libinit2.o(.ARM.Collect$$libinit$$0000000C)
    __rt_lib_init_lc_collate_1               0x0800022f   Thumb Code     0  libinit2.o(.ARM.Collect$$libinit$$00000013)
    __rt_lib_init_lc_ctype_1                 0x0800022f   Thumb Code     0  libinit2.o(.ARM.Collect$$libinit$$00000015)
    __rt_lib_init_lc_monetary_1              0x0800022f   Thumb Code     0  libinit2.o(.ARM.Collect$$libinit$$00000017)
    __rt_lib_init_lc_numeric_1               0x0800022f   Thumb Code     0  libinit2.o(.ARM.Collect$$libinit$$00000019)
    __rt_lib_init_lc_time_1                  0x0800022f   Thumb Code     0  libinit2.o(.ARM.Collect$$libinit$$0000001B)
    __rt_lib_init_preinit_1                  0x0800022f   Thumb Code     0  libinit2.o(.ARM.Collect$$libinit$$00000006)
    __rt_lib_init_rand_1                     0x0800022f   Thumb Code     0  libinit2.o(.ARM.Collect$$libinit$$00000010)
    __rt_lib_init_relocate_pie_1             0x0800022f   Thumb Code     0  libinit2.o(.ARM.Collect$$libinit$$00000004)
    __rt_lib_init_return                     0x0800022f   Thumb Code     0  libinit2.o(.ARM.Collect$$libinit$$00000035)
    __rt_lib_init_signal_1                   0x0800022f   Thumb Code     0  libinit2.o(.ARM.Collect$$libinit$$0000001F)
    __rt_lib_init_stdio_1                    0x0800022f   Thumb Code     0  libinit2.o(.ARM.Collect$$libinit$$00000027)
    __rt_lib_init_user_alloc_1               0x0800022f   Thumb Code     0  libinit2.o(.ARM.Collect$$libinit$$0000000E)
    __rt_lib_shutdown                        0x08000231   Thumb Code     0  libshutdown.o(.ARM.Collect$$libshutdown$$00000000)
    __rt_lib_shutdown_cpp_1                  0x08000233   Thumb Code     0  libshutdown2.o(.ARM.Collect$$libshutdown$$00000002)
    __rt_lib_shutdown_fp_trap_1              0x08000233   Thumb Code     0  libshutdown2.o(.ARM.Collect$$libshutdown$$00000007)
    __rt_lib_shutdown_heap_1                 0x08000233   Thumb Code     0  libshutdown2.o(.ARM.Collect$$libshutdown$$0000000F)
    __rt_lib_shutdown_return                 0x08000233   Thumb Code     0  libshutdown2.o(.ARM.Collect$$libshutdown$$00000010)
    __rt_lib_shutdown_signal_1               0x08000233   Thumb Code     0  libshutdown2.o(.ARM.Collect$$libshutdown$$0000000A)
    __rt_lib_shutdown_stdio_1                0x08000233   Thumb Code     0  libshutdown2.o(.ARM.Collect$$libshutdown$$00000004)
    __rt_lib_shutdown_user_alloc_1           0x08000233   Thumb Code     0  libshutdown2.o(.ARM.Collect$$libshutdown$$0000000C)
    __rt_entry                               0x08000235   Thumb Code     0  __rtentry.o(.ARM.Collect$$rtentry$$00000000)
    __rt_entry_presh_1                       0x08000235   Thumb Code     0  __rtentry2.o(.ARM.Collect$$rtentry$$00000002)
    __rt_entry_sh                            0x08000235   Thumb Code     0  __rtentry4.o(.ARM.Collect$$rtentry$$00000004)
    __rt_entry_postsh_1                      0x0800023b   Thumb Code     0  __rtentry2.o(.ARM.Collect$$rtentry$$00000008)
    __rt_entry_li                            0x08000243   Thumb Code     0  __rtentry2.o(.ARM.Collect$$rtentry$$0000000A)
    __rt_entry_main                          0x08000247   Thumb Code     0  __rtentry2.o(.ARM.Collect$$rtentry$$0000000D)
    __rt_entry_postli_1                      0x08000247   Thumb Code     0  __rtentry2.o(.ARM.Collect$$rtentry$$0000000C)
    __rt_exit                                0x0800024f   Thumb Code     0  rtexit.o(.ARM.Collect$$rtexit$$00000000)
    __rt_exit_ls                             0x08000251   Thumb Code     0  rtexit2.o(.ARM.Collect$$rtexit$$00000003)
    __rt_exit_prels_1                        0x08000251   Thumb Code     0  rtexit2.o(.ARM.Collect$$rtexit$$00000002)
    __rt_exit_exit                           0x08000255   Thumb Code     0  rtexit2.o(.ARM.Collect$$rtexit$$00000004)
    Reset_Handler                            0x0800025d   Thumb Code     8  startup_stm32f407xx.o(.text)
    NMI_Handler                              0x08000265   Thumb Code     2  startup_stm32f407xx.o(.text)
    HardFault_Handler                        0x08000267   Thumb Code     2  startup_stm32f407xx.o(.text)
    MemManage_Handler                        0x08000269   Thumb Code     2  startup_stm32f407xx.o(.text)
    BusFault_Handler                         0x0800026b   Thumb Code     2  startup_stm32f407xx.o(.text)
    UsageFault_Handler                       0x0800026d   Thumb Code     2  startup_stm32f407xx.o(.text)
    DebugMon_Handler                         0x08000271   Thumb Code     2  startup_stm32f407xx.o(.text)
    ADC_IRQHandler                           0x08000277   Thumb Code     0  startup_stm32f407xx.o(.text)
    CAN1_RX0_IRQHandler                      0x08000277   Thumb Code     0  startup_stm32f407xx.o(.text)
    CAN1_RX1_IRQHandler                      0x08000277   Thumb Code     0  startup_stm32f407xx.o(.text)
    CAN1_SCE_IRQHandler                      0x08000277   Thumb Code     0  startup_stm32f407xx.o(.text)
    CAN1_TX_IRQHandler                       0x08000277   Thumb Code     0  startup_stm32f407xx.o(.text)
    CAN2_RX0_IRQHandler                      0x08000277   Thumb Code     0  startup_stm32f407xx.o(.text)
    CAN2_RX1_IRQHandler                      0x08000277   Thumb Code     0  startup_stm32f407xx.o(.text)
    CAN2_SCE_IRQHandler                      0x08000277   Thumb Code     0  startup_stm32f407xx.o(.text)
    CAN2_TX_IRQHandler                       0x08000277   Thumb Code     0  startup_stm32f407xx.o(.text)
    DCMI_IRQHandler                          0x08000277   Thumb Code     0  startup_stm32f407xx.o(.text)
    DMA1_Stream0_IRQHandler                  0x08000277   Thumb Code     0  startup_stm32f407xx.o(.text)
    DMA1_Stream1_IRQHandler                  0x08000277   Thumb Code     0  startup_stm32f407xx.o(.text)
    DMA1_Stream2_IRQHandler                  0x08000277   Thumb Code     0  startup_stm32f407xx.o(.text)
    DMA1_Stream3_IRQHandler                  0x08000277   Thumb Code     0  startup_stm32f407xx.o(.text)
    DMA1_Stream4_IRQHandler                  0x08000277   Thumb Code     0  startup_stm32f407xx.o(.text)
    DMA1_Stream5_IRQHandler                  0x08000277   Thumb Code     0  startup_stm32f407xx.o(.text)
    DMA1_Stream6_IRQHandler                  0x08000277   Thumb Code     0  startup_stm32f407xx.o(.text)
    DMA1_Stream7_IRQHandler                  0x08000277   Thumb Code     0  startup_stm32f407xx.o(.text)
    DMA2_Stream0_IRQHandler                  0x08000277   Thumb Code     0  startup_stm32f407xx.o(.text)
    DMA2_Stream1_IRQHandler                  0x08000277   Thumb Code     0  startup_stm32f407xx.o(.text)
    DMA2_Stream2_IRQHandler                  0x08000277   Thumb Code     0  startup_stm32f407xx.o(.text)
    DMA2_Stream3_IRQHandler                  0x08000277   Thumb Code     0  startup_stm32f407xx.o(.text)
    DMA2_Stream4_IRQHandler                  0x08000277   Thumb Code     0  startup_stm32f407xx.o(.text)
    DMA2_Stream5_IRQHandler                  0x08000277   Thumb Code     0  startup_stm32f407xx.o(.text)
    DMA2_Stream6_IRQHandler                  0x08000277   Thumb Code     0  startup_stm32f407xx.o(.text)
    DMA2_Stream7_IRQHandler                  0x08000277   Thumb Code     0  startup_stm32f407xx.o(.text)
    ETH_IRQHandler                           0x08000277   Thumb Code     0  startup_stm32f407xx.o(.text)
    ETH_WKUP_IRQHandler                      0x08000277   Thumb Code     0  startup_stm32f407xx.o(.text)
    EXTI0_IRQHandler                         0x08000277   Thumb Code     0  startup_stm32f407xx.o(.text)
    EXTI15_10_IRQHandler                     0x08000277   Thumb Code     0  startup_stm32f407xx.o(.text)
    EXTI1_IRQHandler                         0x08000277   Thumb Code     0  startup_stm32f407xx.o(.text)
    EXTI2_IRQHandler                         0x08000277   Thumb Code     0  startup_stm32f407xx.o(.text)
    EXTI3_IRQHandler                         0x08000277   Thumb Code     0  startup_stm32f407xx.o(.text)
    EXTI4_IRQHandler                         0x08000277   Thumb Code     0  startup_stm32f407xx.o(.text)
    EXTI9_5_IRQHandler                       0x08000277   Thumb Code     0  startup_stm32f407xx.o(.text)
    FLASH_IRQHandler                         0x08000277   Thumb Code     0  startup_stm32f407xx.o(.text)
    FMC_IRQHandler                           0x08000277   Thumb Code     0  startup_stm32f407xx.o(.text)
    FPU_IRQHandler                           0x08000277   Thumb Code     0  startup_stm32f407xx.o(.text)
    HASH_RNG_IRQHandler                      0x08000277   Thumb Code     0  startup_stm32f407xx.o(.text)
    I2C1_ER_IRQHandler                       0x08000277   Thumb Code     0  startup_stm32f407xx.o(.text)
    I2C1_EV_IRQHandler                       0x08000277   Thumb Code     0  startup_stm32f407xx.o(.text)
    I2C2_ER_IRQHandler                       0x08000277   Thumb Code     0  startup_stm32f407xx.o(.text)
    I2C2_EV_IRQHandler                       0x08000277   Thumb Code     0  startup_stm32f407xx.o(.text)
    I2C3_ER_IRQHandler                       0x08000277   Thumb Code     0  startup_stm32f407xx.o(.text)
    I2C3_EV_IRQHandler                       0x08000277   Thumb Code     0  startup_stm32f407xx.o(.text)
    OTG_FS_IRQHandler                        0x08000277   Thumb Code     0  startup_stm32f407xx.o(.text)
    OTG_FS_WKUP_IRQHandler                   0x08000277   Thumb Code     0  startup_stm32f407xx.o(.text)
    OTG_HS_EP1_IN_IRQHandler                 0x08000277   Thumb Code     0  startup_stm32f407xx.o(.text)
    OTG_HS_EP1_OUT_IRQHandler                0x08000277   Thumb Code     0  startup_stm32f407xx.o(.text)
    OTG_HS_IRQHandler                        0x08000277   Thumb Code     0  startup_stm32f407xx.o(.text)
    OTG_HS_WKUP_IRQHandler                   0x08000277   Thumb Code     0  startup_stm32f407xx.o(.text)
    PVD_IRQHandler                           0x08000277   Thumb Code     0  startup_stm32f407xx.o(.text)
    RCC_IRQHandler                           0x08000277   Thumb Code     0  startup_stm32f407xx.o(.text)
    RTC_Alarm_IRQHandler                     0x08000277   Thumb Code     0  startup_stm32f407xx.o(.text)
    RTC_WKUP_IRQHandler                      0x08000277   Thumb Code     0  startup_stm32f407xx.o(.text)
    SDIO_IRQHandler                          0x08000277   Thumb Code     0  startup_stm32f407xx.o(.text)
    SPI1_IRQHandler                          0x08000277   Thumb Code     0  startup_stm32f407xx.o(.text)
    SPI2_IRQHandler                          0x08000277   Thumb Code     0  startup_stm32f407xx.o(.text)
    SPI3_IRQHandler                          0x08000277   Thumb Code     0  startup_stm32f407xx.o(.text)
    TAMP_STAMP_IRQHandler                    0x08000277   Thumb Code     0  startup_stm32f407xx.o(.text)
    TIM1_BRK_TIM9_IRQHandler                 0x08000277   Thumb Code     0  startup_stm32f407xx.o(.text)
    TIM1_CC_IRQHandler                       0x08000277   Thumb Code     0  startup_stm32f407xx.o(.text)
    TIM1_TRG_COM_TIM11_IRQHandler            0x08000277   Thumb Code     0  startup_stm32f407xx.o(.text)
    TIM1_UP_TIM10_IRQHandler                 0x08000277   Thumb Code     0  startup_stm32f407xx.o(.text)
    TIM2_IRQHandler                          0x08000277   Thumb Code     0  startup_stm32f407xx.o(.text)
    TIM3_IRQHandler                          0x08000277   Thumb Code     0  startup_stm32f407xx.o(.text)
    TIM4_IRQHandler                          0x08000277   Thumb Code     0  startup_stm32f407xx.o(.text)
    TIM5_IRQHandler                          0x08000277   Thumb Code     0  startup_stm32f407xx.o(.text)
    TIM6_DAC_IRQHandler                      0x08000277   Thumb Code     0  startup_stm32f407xx.o(.text)
    TIM7_IRQHandler                          0x08000277   Thumb Code     0  startup_stm32f407xx.o(.text)
    TIM8_BRK_TIM12_IRQHandler                0x08000277   Thumb Code     0  startup_stm32f407xx.o(.text)
    TIM8_CC_IRQHandler                       0x08000277   Thumb Code     0  startup_stm32f407xx.o(.text)
    TIM8_TRG_COM_TIM14_IRQHandler            0x08000277   Thumb Code     0  startup_stm32f407xx.o(.text)
    TIM8_UP_TIM13_IRQHandler                 0x08000277   Thumb Code     0  startup_stm32f407xx.o(.text)
    UART4_IRQHandler                         0x08000277   Thumb Code     0  startup_stm32f407xx.o(.text)
    UART5_IRQHandler                         0x08000277   Thumb Code     0  startup_stm32f407xx.o(.text)
    USART1_IRQHandler                        0x08000277   Thumb Code     0  startup_stm32f407xx.o(.text)
    USART2_IRQHandler                        0x08000277   Thumb Code     0  startup_stm32f407xx.o(.text)
    USART3_IRQHandler                        0x08000277   Thumb Code     0  startup_stm32f407xx.o(.text)
    USART6_IRQHandler                        0x08000277   Thumb Code     0  startup_stm32f407xx.o(.text)
    WWDG_IRQHandler                          0x08000277   Thumb Code     0  startup_stm32f407xx.o(.text)
    __user_initial_stackheap                 0x08000279   Thumb Code     0  startup_stm32f407xx.o(.text)
    __aeabi_memcpy                           0x0800029d   Thumb Code     0  rt_memcpy_v6.o(.text)
    __rt_memcpy                              0x0800029d   Thumb Code   138  rt_memcpy_v6.o(.text)
    _memcpy_lastbytes                        0x08000303   Thumb Code     0  rt_memcpy_v6.o(.text)
    __use_two_region_memory                  0x08000327   Thumb Code     2  heapauxi.o(.text)
    __rt_heap_escrow$2region                 0x08000329   Thumb Code     2  heapauxi.o(.text)
    __rt_heap_expand$2region                 0x0800032b   Thumb Code     2  heapauxi.o(.text)
    __aeabi_memcpy4                          0x0800032d   Thumb Code     0  rt_memcpy_w.o(.text)
    __aeabi_memcpy8                          0x0800032d   Thumb Code     0  rt_memcpy_w.o(.text)
    __rt_memcpy_w                            0x0800032d   Thumb Code   100  rt_memcpy_w.o(.text)
    _memcpy_lastbytes_aligned                0x08000375   Thumb Code     0  rt_memcpy_w.o(.text)
    __user_setup_stackheap                   0x08000391   Thumb Code    74  sys_stackheap_outer.o(.text)
    exit                                     0x080003db   Thumb Code    18  exit.o(.text)
    __user_libspace                          0x080003ed   Thumb Code     8  libspace.o(.text)
    __user_perproc_libspace                  0x080003ed   Thumb Code     0  libspace.o(.text)
    _sys_exit                                0x080003f5   Thumb Code     8  sys_exit.o(.text)
    __I$use$semihosting                      0x08000401   Thumb Code     0  use_no_semi.o(.text)
    __use_no_semihosting_swi                 0x08000401   Thumb Code     2  use_no_semi.o(.text)
    __semihosting_library_function           0x08000403   Thumb Code     0  indicate_semi.o(.text)
    _fp_init                                 0x08000405   Thumb Code    22  clib_os.o(.text.$Sub$$_fp_init)
    PendSV_Handler                           0x0800041d   Thumb Code    96  port.o(.text.PendSV_Handler)
    SVC_Handler                              0x0800047d   Thumb Code    32  port.o(.text.SVC_Handler)
    SysTick_Handler                          0x0800049d   Thumb Code    30  cmsis_os2.o(.text.SysTick_Handler)
    SystemCoreClockUpdate                    0x080004bd   Thumb Code   302  system_stm32f4xx.o(.text.SystemCoreClockUpdate)
    SystemInit                               0x080005ed   Thumb Code    18  system_stm32f4xx.o(.text.SystemInit)
    _mutex_acquire                           0x08000601   Thumb Code    40  clib_os.o(.text._mutex_acquire)
    _mutex_free                              0x08000629   Thumb Code    84  clib_os.o(.text._mutex_free)
    _mutex_initialize                        0x0800067d   Thumb Code   168  clib_os.o(.text._mutex_initialize)
    _mutex_release                           0x08000725   Thumb Code    42  clib_os.o(.text._mutex_release)
    _platform_post_stackheap_init            0x08000751   Thumb Code     2  clib_os.o(.text._platform_post_stackheap_init)
    delayMS                                  0x08000755   Thumb Code    48  lcd.o(.text.delayMS)
    lcd_GPIO_init                            0x080007a5   Thumb Code    90  lcd.o(.text.lcd_GPIO_init)
    lcd_cmd                                  0x08000801   Thumb Code    64  lcd.o(.text.lcd_cmd)
    lcd_data                                 0x08000841   Thumb Code    56  lcd.o(.text.lcd_data)
    lcd_init                                 0x08000879   Thumb Code   116  lcd.o(.text.lcd_init)
    lcd_print                                0x080008ed   Thumb Code    34  lcd.o(.text.lcd_print)
    lcd_pulse_enable                         0x08000911   Thumb Code    60  lcd.o(.text.lcd_pulse_enable)
    lcd_write_nibble                         0x0800094d   Thumb Code    44  lcd.o(.text.lcd_write_nibble)
    main                                     0x08000979   Thumb Code   108  lcd.o(.text.main)
    pvPortMalloc                             0x08000dc1   Thumb Code   200  heap_1.o(.text.pvPortMalloc)
    pvTaskIncrementMutexHeldCount            0x08000e89   Thumb Code    36  tasks.o(.text.pvTaskIncrementMutexHeldCount)
    uxListRemove                             0x08000ead   Thumb Code    72  list.o(.text.uxListRemove)
    vApplicationStackOverflowHook            0x08000ef5   Thumb Code    16  cmsis_os2.o(.text.vApplicationStackOverflowHook)
    vListInitialise                          0x08000f05   Thumb Code    46  list.o(.text.vListInitialise)
    vListInsert                              0x08000f35   Thumb Code   106  list.o(.text.vListInsert)
    vPortEnterCritical                       0x08000fa1   Thumb Code    72  port.o(.text.vPortEnterCritical)
    vPortExitCritical                        0x08000fe9   Thumb Code    60  port.o(.text.vPortExitCritical)
    vPortFree                                0x08001025   Thumb Code    22  heap_1.o(.text.vPortFree)
    vQueueDelete                             0x0800103d   Thumb Code    48  queue.o(.text.vQueueDelete)
    vTaskInternalSetTimeOutState             0x0800106d   Thumb Code    36  tasks.o(.text.vTaskInternalSetTimeOutState)
    vTaskMissedYield                         0x08001091   Thumb Code    14  tasks.o(.text.vTaskMissedYield)
    vTaskPlaceOnEventList                    0x080010a1   Thumb Code    52  tasks.o(.text.vTaskPlaceOnEventList)
    vTaskPriorityDisinheritAfterTimeout      0x080010d5   Thumb Code   358  tasks.o(.text.vTaskPriorityDisinheritAfterTimeout)
    vTaskSuspendAll                          0x0800123d   Thumb Code    16  tasks.o(.text.vTaskSuspendAll)
    vTaskSwitchContext                       0x0800124d   Thumb Code   312  tasks.o(.text.vTaskSwitchContext)
    xPortSysTickHandler                      0x08001385   Thumb Code    62  port.o(.text.xPortSysTickHandler)
    xQueueCreateMutex                        0x080013c5   Thumb Code    38  queue.o(.text.xQueueCreateMutex)
    xQueueCreateMutexStatic                  0x080013ed   Thumb Code    50  queue.o(.text.xQueueCreateMutexStatic)
    xQueueGenericCreate                      0x08001421   Thumb Code   148  queue.o(.text.xQueueGenericCreate)
    xQueueGenericCreateStatic                0x080014b5   Thumb Code   158  queue.o(.text.xQueueGenericCreateStatic)
    xQueueGenericReset                       0x08001555   Thumb Code   236  queue.o(.text.xQueueGenericReset)
    xQueueGenericSend                        0x08001641   Thumb Code   500  queue.o(.text.xQueueGenericSend)
    xQueueSemaphoreTake                      0x08001835   Thumb Code   486  queue.o(.text.xQueueSemaphoreTake)
    xTaskCheckForTimeOut                     0x08001a1d   Thumb Code   224  tasks.o(.text.xTaskCheckForTimeOut)
    xTaskGetSchedulerState                   0x08001afd   Thumb Code    56  tasks.o(.text.xTaskGetSchedulerState)
    xTaskIncrementTick                       0x08001b35   Thumb Code   630  tasks.o(.text.xTaskIncrementTick)
    xTaskPriorityDisinherit                  0x08001dad   Thumb Code   286  tasks.o(.text.xTaskPriorityDisinherit)
    xTaskPriorityInherit                     0x08001ecd   Thumb Code   348  tasks.o(.text.xTaskPriorityInherit)
    xTaskRemoveFromEventList                 0x08002029   Thumb Code   418  tasks.o(.text.xTaskRemoveFromEventList)
    xTaskResumeAll                           0x080021cd   Thumb Code   584  tasks.o(.text.xTaskResumeAll)
    $Super$$_fp_init                         0x08002415   Thumb Code    26  fpinit.o(x$fpl$fpinit)
    __fplib_config_fpu_vfp                   0x0800242d   Thumb Code     0  fpinit.o(x$fpl$fpinit)
    __fplib_config_pureend_doubles           0x0800242d   Thumb Code     0  fpinit.o(x$fpl$fpinit)
    AHBPrescTable                            0x0800242e   Data          16  system_stm32f4xx.o(.rodata.AHBPrescTable)
    Region$$Table$$Base                      0x08002474   Number         0  anon$$obj.o(Region$$Table)
    Region$$Table$$Limit                     0x08002494   Number         0  anon$$obj.o(Region$$Table)
    SystemCoreClock                          0x20000000   Data           4  system_stm32f4xx.o(.data.SystemCoreClock)
    __libspace_start                         0x20000008   Data          96  libspace.o(.bss)
    __temporary_stack_top$libspace           0x20000068   Data           0  libspace.o(.bss)
    pxCurrentTCB                             0x20000210   Data           4  tasks.o(.bss.pxCurrentTCB)



==============================================================================

Memory Map of the image

  Image Entry point : 0x0800025d

  Load Region LR_1 (Base: 0x08000000, Size: 0x0000249c, Max: 0xffffffff, ABSOLUTE)

    Execution Region ER_RO (Exec base: 0x08000000, Load base: 0x08000000, Size: 0x00002494, Max: 0xffffffff, ABSOLUTE)

    Exec Addr    Load Addr    Size         Type   Attr      Idx    E Section Name        Object

    0x08000000   0x08000000   0x00000188   Data   RO          250    RESET               startup_stm32f407xx.o
    0x08000188   0x08000188   0x00000008   Code   RO          742  * !!!main             c_w.l(__main.o)
    0x08000190   0x08000190   0x0000005c   Code   RO          909    !!!scatter          c_w.l(__scatter.o)
    0x080001ec   0x080001ec   0x0000001a   Code   RO          913    !!handler_copy      c_w.l(__scatter_copy.o)
    0x08000206   0x08000206   0x00000002   PAD
    0x08000208   0x08000208   0x00000002   Code   RO          910    !!handler_null      c_w.l(__scatter.o)
    0x0800020a   0x0800020a   0x00000002   PAD
    0x0800020c   0x0800020c   0x0000001c   Code   RO          915    !!handler_zi        c_w.l(__scatter_zi.o)
    0x08000228   0x08000228   0x00000002   Code   RO          773    .ARM.Collect$$libinit$$00000000  c_w.l(libinit.o)
    0x0800022a   0x0800022a   0x00000004   Code   RO          779    .ARM.Collect$$libinit$$00000001  c_w.l(libinit2.o)
    0x0800022e   0x0800022e   0x00000000   Code   RO          782    .ARM.Collect$$libinit$$00000004  c_w.l(libinit2.o)
    0x0800022e   0x0800022e   0x00000000   Code   RO          784    .ARM.Collect$$libinit$$00000006  c_w.l(libinit2.o)
    0x0800022e   0x0800022e   0x00000000   Code   RO          787    .ARM.Collect$$libinit$$0000000C  c_w.l(libinit2.o)
    0x0800022e   0x0800022e   0x00000000   Code   RO          789    .ARM.Collect$$libinit$$0000000E  c_w.l(libinit2.o)
    0x0800022e   0x0800022e   0x00000000   Code   RO          791    .ARM.Collect$$libinit$$00000010  c_w.l(libinit2.o)
    0x0800022e   0x0800022e   0x00000000   Code   RO          794    .ARM.Collect$$libinit$$00000013  c_w.l(libinit2.o)
    0x0800022e   0x0800022e   0x00000000   Code   RO          796    .ARM.Collect$$libinit$$00000015  c_w.l(libinit2.o)
    0x0800022e   0x0800022e   0x00000000   Code   RO          798    .ARM.Collect$$libinit$$00000017  c_w.l(libinit2.o)
    0x0800022e   0x0800022e   0x00000000   Code   RO          800    .ARM.Collect$$libinit$$00000019  c_w.l(libinit2.o)
    0x0800022e   0x0800022e   0x00000000   Code   RO          802    .ARM.Collect$$libinit$$0000001B  c_w.l(libinit2.o)
    0x0800022e   0x0800022e   0x00000000   Code   RO          804    .ARM.Collect$$libinit$$0000001D  c_w.l(libinit2.o)
    0x0800022e   0x0800022e   0x00000000   Code   RO          806    .ARM.Collect$$libinit$$0000001F  c_w.l(libinit2.o)
    0x0800022e   0x0800022e   0x00000000   Code   RO          808    .ARM.Collect$$libinit$$00000021  c_w.l(libinit2.o)
    0x0800022e   0x0800022e   0x00000000   Code   RO          810    .ARM.Collect$$libinit$$00000023  c_w.l(libinit2.o)
    0x0800022e   0x0800022e   0x00000000   Code   RO          812    .ARM.Collect$$libinit$$00000025  c_w.l(libinit2.o)
    0x0800022e   0x0800022e   0x00000000   Code   RO          814    .ARM.Collect$$libinit$$00000027  c_w.l(libinit2.o)
    0x0800022e   0x0800022e   0x00000000   Code   RO          818    .ARM.Collect$$libinit$$0000002E  c_w.l(libinit2.o)
    0x0800022e   0x0800022e   0x00000000   Code   RO          820    .ARM.Collect$$libinit$$00000030  c_w.l(libinit2.o)
    0x0800022e   0x0800022e   0x00000000   Code   RO          822    .ARM.Collect$$libinit$$00000032  c_w.l(libinit2.o)
    0x0800022e   0x0800022e   0x00000000   Code   RO          824    .ARM.Collect$$libinit$$00000034  c_w.l(libinit2.o)
    0x0800022e   0x0800022e   0x00000002   Code   RO          825    .ARM.Collect$$libinit$$00000035  c_w.l(libinit2.o)
    0x08000230   0x08000230   0x00000002   Code   RO          845    .ARM.Collect$$libshutdown$$00000000  c_w.l(libshutdown.o)
    0x08000232   0x08000232   0x00000000   Code   RO          860    .ARM.Collect$$libshutdown$$00000002  c_w.l(libshutdown2.o)
    0x08000232   0x08000232   0x00000000   Code   RO          862    .ARM.Collect$$libshutdown$$00000004  c_w.l(libshutdown2.o)
    0x08000232   0x08000232   0x00000000   Code   RO          865    .ARM.Collect$$libshutdown$$00000007  c_w.l(libshutdown2.o)
    0x08000232   0x08000232   0x00000000   Code   RO          868    .ARM.Collect$$libshutdown$$0000000A  c_w.l(libshutdown2.o)
    0x08000232   0x08000232   0x00000000   Code   RO          870    .ARM.Collect$$libshutdown$$0000000C  c_w.l(libshutdown2.o)
    0x08000232   0x08000232   0x00000000   Code   RO          873    .ARM.Collect$$libshutdown$$0000000F  c_w.l(libshutdown2.o)
    0x08000232   0x08000232   0x00000002   Code   RO          874    .ARM.Collect$$libshutdown$$00000010  c_w.l(libshutdown2.o)
    0x08000234   0x08000234   0x00000000   Code   RO          746    .ARM.Collect$$rtentry$$00000000  c_w.l(__rtentry.o)
    0x08000234   0x08000234   0x00000000   Code   RO          752    .ARM.Collect$$rtentry$$00000002  c_w.l(__rtentry2.o)
    0x08000234   0x08000234   0x00000006   Code   RO          764    .ARM.Collect$$rtentry$$00000004  c_w.l(__rtentry4.o)
    0x0800023a   0x0800023a   0x00000008   Code   RO          753    .ARM.Collect$$rtentry$$00000008  c_w.l(__rtentry2.o)
    0x08000242   0x08000242   0x00000004   Code   RO          755    .ARM.Collect$$rtentry$$0000000A  c_w.l(__rtentry2.o)
    0x08000246   0x08000246   0x00000000   Code   RO          757    .ARM.Collect$$rtentry$$0000000C  c_w.l(__rtentry2.o)
    0x08000246   0x08000246   0x00000008   Code   RO          758    .ARM.Collect$$rtentry$$0000000D  c_w.l(__rtentry2.o)
    0x0800024e   0x0800024e   0x00000002   Code   RO          777    .ARM.Collect$$rtexit$$00000000  c_w.l(rtexit.o)
    0x08000250   0x08000250   0x00000000   Code   RO          827    .ARM.Collect$$rtexit$$00000002  c_w.l(rtexit2.o)
    0x08000250   0x08000250   0x00000004   Code   RO          828    .ARM.Collect$$rtexit$$00000003  c_w.l(rtexit2.o)
    0x08000254   0x08000254   0x00000006   Code   RO          829    .ARM.Collect$$rtexit$$00000004  c_w.l(rtexit2.o)
    0x0800025a   0x0800025a   0x00000002   PAD
    0x0800025c   0x0800025c   0x00000040   Code   RO          251  * .text               startup_stm32f407xx.o
    0x0800029c   0x0800029c   0x0000008a   Code   RO          734    .text               c_w.l(rt_memcpy_v6.o)
    0x08000326   0x08000326   0x00000006   Code   RO          740    .text               c_w.l(heapauxi.o)
    0x0800032c   0x0800032c   0x00000064   Code   RO          747    .text               c_w.l(rt_memcpy_w.o)
    0x08000390   0x08000390   0x0000004a   Code   RO          766    .text               c_w.l(sys_stackheap_outer.o)
    0x080003da   0x080003da   0x00000012   Code   RO          768    .text               c_w.l(exit.o)
    0x080003ec   0x080003ec   0x00000008   Code   RO          774    .text               c_w.l(libspace.o)
    0x080003f4   0x080003f4   0x0000000c   Code   RO          835    .text               c_w.l(sys_exit.o)
    0x08000400   0x08000400   0x00000002   Code   RO          850    .text               c_w.l(use_no_semi.o)
    0x08000402   0x08000402   0x00000000   Code   RO          852    .text               c_w.l(indicate_semi.o)
    0x08000402   0x08000402   0x00000002   PAD
    0x08000404   0x08000404   0x00000016   Code   RO           31    .text.$Sub$$_fp_init  clib_os.o
    0x0800041a   0x0800041a   0x00000002   PAD
    0x0800041c   0x0800041c   0x00000060   Code   RO          337    .text.PendSV_Handler  port.o
    0x0800047c   0x0800047c   0x00000020   Code   RO          333    .text.SVC_Handler   port.o
    0x0800049c   0x0800049c   0x0000001e   Code   RO           58    .text.SysTick_Handler  cmsis_os2.o
    0x080004ba   0x080004ba   0x00000002   PAD
    0x080004bc   0x080004bc   0x0000012e   Code   RO          260    .text.SystemCoreClockUpdate  system_stm32f4xx.o
    0x080005ea   0x080005ea   0x00000002   PAD
    0x080005ec   0x080005ec   0x00000012   Code   RO          258    .text.SystemInit    system_stm32f4xx.o
    0x080005fe   0x080005fe   0x00000002   PAD
    0x08000600   0x08000600   0x00000028   Code   RO           39    .text._mutex_acquire  clib_os.o
    0x08000628   0x08000628   0x00000054   Code   RO           45    .text._mutex_free   clib_os.o
    0x0800067c   0x0800067c   0x000000a8   Code   RO           37    .text._mutex_initialize  clib_os.o
    0x08000724   0x08000724   0x0000002a   Code   RO           43    .text._mutex_release  clib_os.o
    0x0800074e   0x0800074e   0x00000002   PAD
    0x08000750   0x08000750   0x00000002   Code   RO           29    .text._platform_post_stackheap_init  clib_os.o
    0x08000752   0x08000752   0x00000002   PAD
    0x08000754   0x08000754   0x00000030   Code   RO            2    .text.delayMS       lcd.o
    0x08000784   0x08000784   0x00000020   Code   RO           41    .text.is_thread_mode  clib_os.o
    0x080007a4   0x080007a4   0x0000005a   Code   RO            4    .text.lcd_GPIO_init  lcd.o
    0x080007fe   0x080007fe   0x00000002   PAD
    0x08000800   0x08000800   0x00000040   Code   RO           10    .text.lcd_cmd       lcd.o
    0x08000840   0x08000840   0x00000038   Code   RO           12    .text.lcd_data      lcd.o
    0x08000878   0x08000878   0x00000074   Code   RO           14    .text.lcd_init      lcd.o
    0x080008ec   0x080008ec   0x00000022   Code   RO           16    .text.lcd_print     lcd.o
    0x0800090e   0x0800090e   0x00000002   PAD
    0x08000910   0x08000910   0x0000003c   Code   RO            6    .text.lcd_pulse_enable  lcd.o
    0x0800094c   0x0800094c   0x0000002c   Code   RO            8    .text.lcd_write_nibble  lcd.o
    0x08000978   0x08000978   0x0000006c   Code   RO           18    .text.main          lcd.o
    0x080009e4   0x080009e4   0x00000020   Code   RO           35    .text.os_kernel_is_active  clib_os.o
    0x08000a04   0x08000a04   0x0000010e   Code   RO          492    .text.prvAddCurrentTaskToDelayedList  tasks.o
    0x08000b12   0x08000b12   0x00000002   PAD
    0x08000b14   0x08000b14   0x000000cc   Code   RO          417    .text.prvCopyDataToQueue  queue.o
    0x08000be0   0x08000be0   0x00000026   Code   RO          433    .text.prvGetHighestPriorityOfWaitToReceiveList  queue.o
    0x08000c06   0x08000c06   0x00000002   PAD
    0x08000c08   0x08000c08   0x0000002c   Code   RO          397    .text.prvInitialiseMutex  queue.o
    0x08000c34   0x08000c34   0x00000048   Code   RO          389    .text.prvInitialiseNewQueue  queue.o
    0x08000c7c   0x08000c7c   0x00000028   Code   RO          431    .text.prvIsQueueEmpty  queue.o
    0x08000ca4   0x08000ca4   0x0000002e   Code   RO          419    .text.prvIsQueueFull  queue.o
    0x08000cd2   0x08000cd2   0x00000002   PAD
    0x08000cd4   0x08000cd4   0x0000003c   Code   RO          484    .text.prvResetNextTaskUnblockTime  tasks.o
    0x08000d10   0x08000d10   0x000000ae   Code   RO          421    .text.prvUnlockQueue  queue.o
    0x08000dbe   0x08000dbe   0x00000002   PAD
    0x08000dc0   0x08000dc0   0x000000c8   Code   RO          365    .text.pvPortMalloc  heap_1.o
    0x08000e88   0x08000e88   0x00000024   Code   RO          590    .text.pvTaskIncrementMutexHeldCount  tasks.o
    0x08000eac   0x08000eac   0x00000048   Code   RO          320    .text.uxListRemove  list.o
    0x08000ef4   0x08000ef4   0x00000010   Code   RO          212    .text.vApplicationStackOverflowHook  cmsis_os2.o
    0x08000f04   0x08000f04   0x0000002e   Code   RO          312    .text.vListInitialise  list.o
    0x08000f32   0x08000f32   0x00000002   PAD
    0x08000f34   0x08000f34   0x0000006a   Code   RO          318    .text.vListInsert   list.o
    0x08000f9e   0x08000f9e   0x00000002   PAD
    0x08000fa0   0x08000fa0   0x00000048   Code   RO          347    .text.vPortEnterCritical  port.o
    0x08000fe8   0x08000fe8   0x0000003c   Code   RO          349    .text.vPortExitCritical  port.o
    0x08001024   0x08001024   0x00000016   Code   RO          367    .text.vPortFree     heap_1.o
    0x0800103a   0x0800103a   0x00000002   PAD
    0x0800103c   0x0800103c   0x00000030   Code   RO          447    .text.vQueueDelete  queue.o
    0x0800106c   0x0800106c   0x00000024   Code   RO          560    .text.vTaskInternalSetTimeOutState  tasks.o
    0x08001090   0x08001090   0x0000000e   Code   RO          564    .text.vTaskMissedYield  tasks.o
    0x0800109e   0x0800109e   0x00000002   PAD
    0x080010a0   0x080010a0   0x00000034   Code   RO          548    .text.vTaskPlaceOnEventList  tasks.o
    0x080010d4   0x080010d4   0x00000166   Code   RO          586    .text.vTaskPriorityDisinheritAfterTimeout  tasks.o
    0x0800123a   0x0800123a   0x00000002   PAD
    0x0800123c   0x0800123c   0x00000010   Code   RO          490    .text.vTaskSuspendAll  tasks.o
    0x0800124c   0x0800124c   0x00000138   Code   RO          512    .text.vTaskSwitchContext  tasks.o
    0x08001384   0x08001384   0x0000003e   Code   RO          351    .text.xPortSysTickHandler  port.o
    0x080013c2   0x080013c2   0x00000002   PAD
    0x080013c4   0x080013c4   0x00000026   Code   RO          395    .text.xQueueCreateMutex  queue.o
    0x080013ea   0x080013ea   0x00000002   PAD
    0x080013ec   0x080013ec   0x00000032   Code   RO          399    .text.xQueueCreateMutexStatic  queue.o
    0x0800141e   0x0800141e   0x00000002   PAD
    0x08001420   0x08001420   0x00000094   Code   RO          393    .text.xQueueGenericCreate  queue.o
    0x080014b4   0x080014b4   0x0000009e   Code   RO          387    .text.xQueueGenericCreateStatic  queue.o
    0x08001552   0x08001552   0x00000002   PAD
    0x08001554   0x08001554   0x000000ec   Code   RO          385    .text.xQueueGenericReset  queue.o
    0x08001640   0x08001640   0x000001f4   Code   RO          407    .text.xQueueGenericSend  queue.o
    0x08001834   0x08001834   0x000001e6   Code   RO          411    .text.xQueueSemaphoreTake  queue.o
    0x08001a1a   0x08001a1a   0x00000002   PAD
    0x08001a1c   0x08001a1c   0x000000e0   Code   RO          562    .text.xTaskCheckForTimeOut  tasks.o
    0x08001afc   0x08001afc   0x00000038   Code   RO          580    .text.xTaskGetSchedulerState  tasks.o
    0x08001b34   0x08001b34   0x00000276   Code   RO          528    .text.xTaskIncrementTick  tasks.o
    0x08001daa   0x08001daa   0x00000002   PAD
    0x08001dac   0x08001dac   0x0000011e   Code   RO          584    .text.xTaskPriorityDisinherit  tasks.o
    0x08001eca   0x08001eca   0x00000002   PAD
    0x08001ecc   0x08001ecc   0x0000015c   Code   RO          582    .text.xTaskPriorityInherit  tasks.o
    0x08002028   0x08002028   0x000001a2   Code   RO          554    .text.xTaskRemoveFromEventList  tasks.o
    0x080021ca   0x080021ca   0x00000002   PAD
    0x080021cc   0x080021cc   0x00000248   Code   RO          494    .text.xTaskResumeAll  tasks.o
    0x08002414   0x08002414   0x0000001a   Code   RO          744    x$fpl$fpinit        fz_wm.l(fpinit.o)
    0x0800242e   0x0800242e   0x00000010   Data   RO          263    .rodata.AHBPrescTable  system_stm32f4xx.o
    0x0800243e   0x0800243e   0x00000036   Data   RO           20    .rodata.str1.1      lcd.o
    0x08002474   0x08002474   0x00000020   Data   RO          908    Region$$Table       anon$$obj.o


    Execution Region ER_RW (Exec base: 0x20000000, Load base: 0x08002494, Size: 0x00000008, Max: 0xffffffff, ABSOLUTE)

    Exec Addr    Load Addr    Size         Type   Attr      Idx    E Section Name        Object

    0x20000000   0x08002494   0x00000004   Data   RW          262    .data.SystemCoreClock  system_stm32f4xx.o
    0x20000004   0x08002498   0x00000004   Data   RW          357    .data.uxCriticalNesting  port.o


    Execution Region ER_ZI (Exec base: 0x20000008, Load base: 0x0800249c, Size: 0x00002cc8, Max: 0xffffffff, ABSOLUTE)

    Exec Addr    Load Addr    Size         Type   Attr      Idx    E Section Name        Object

    0x20000008        -       0x00000060   Zero   RW          775    .bss                c_w.l(libspace.o)
    0x20000068        -       0x00000190   Zero   RW           50    .bss.clib_mutex_cb  clib_os.o
    0x200001f8        -       0x00000014   Zero   RW           49    .bss.clib_mutex_id  clib_os.o
    0x2000020c        -       0x00000004   Zero   RW          375    .bss.pvPortMalloc.pucAlignedHeap  heap_1.o
    0x20000210        -       0x00000004   Zero   RW          618    .bss.pxCurrentTCB   tasks.o
    0x20000214        -       0x00000004   Zero   RW          626    .bss.pxDelayedTaskList  tasks.o
    0x20000218        -       0x00000004   Zero   RW          627    .bss.pxOverflowDelayedTaskList  tasks.o
    0x2000021c        -       0x00000460   Zero   RW          630    .bss.pxReadyTasksLists  tasks.o
    0x2000067c        -       0x00002000   Zero   RW          376    .bss.ucHeap         heap_1.o
    0x2000267c        -       0x00000004   Zero   RW          623    .bss.uxCurrentNumberOfTasks  tasks.o
    0x20002680        -       0x00000004   Zero   RW          624    .bss.uxSchedulerSuspended  tasks.o
    0x20002684        -       0x00000004   Zero   RW          631    .bss.uxTopReadyPriority  tasks.o
    0x20002688        -       0x00000004   Zero   RW          377    .bss.xNextFreeByte  heap_1.o
    0x2000268c        -       0x00000004   Zero   RW          633    .bss.xNextTaskUnblockTime  tasks.o
    0x20002690        -       0x00000004   Zero   RW          637    .bss.xNumOfOverflows  tasks.o
    0x20002694        -       0x00000004   Zero   RW          636    .bss.xPendedTicks   tasks.o
    0x20002698        -       0x00000014   Zero   RW          628    .bss.xPendingReadyList  tasks.o
    0x200026ac        -       0x00000004   Zero   RW          620    .bss.xSchedulerRunning  tasks.o
    0x200026b0        -       0x00000014   Zero   RW          629    .bss.xSuspendedTaskList  tasks.o
    0x200026c4        -       0x00000004   Zero   RW          625    .bss.xTickCount     tasks.o
    0x200026c8        -       0x00000004   Zero   RW          632    .bss.xYieldPendings  tasks.o
    0x200026cc   0x0800249c   0x00000004   PAD
    0x200026d0        -       0x00000200   Zero   RW          249    HEAP                startup_stm32f407xx.o
    0x200028d0        -       0x00000400   Zero   RW          248    STACK               startup_stm32f407xx.o


==============================================================================

Image component sizes


      Code (inc. data)   RO Data    RW Data    ZI Data      Debug   Object Name

       422          0          0          0        420       4389   clib_os.o
        46          0          0          0          0      29478   cmsis_os2.o
       222          0          0          0       8200       1703   heap_1.o
       620          0         54          0          0       2972   lcd.o
       224          0          0          0          0       2415   list.o
       322          8          0          4          0       3797   port.o
      2282          0          0          0          0      15574   queue.o
        64         26        392          0       1536        936   startup_stm32f407xx.o
       320          0         16          4          0       2812   system_stm32f4xx.o
      3700          0          0          0       1208      28094   tasks.o

    ----------------------------------------------------------------------
      8272         34        494          8      11368      92170   Object Totals
         0          0         32          0          0          0   (incl. Generated)
        50          0          0          0          4          0   (incl. Padding)

    ----------------------------------------------------------------------

      Code (inc. data)   RO Data    RW Data    ZI Data      Debug   Library Member Name

         8          0          0          0          0         68   __main.o
         0          0          0          0          0          0   __rtentry.o
        20          0          0          0          0          0   __rtentry2.o
         6          0          0          0          0          0   __rtentry4.o
        94          8          0          0          0          0   __scatter.o
        26          0          0          0          0          0   __scatter_copy.o
        28          0          0          0          0          0   __scatter_zi.o
        18          0          0          0          0         80   exit.o
         6          0          0          0          0        152   heapauxi.o
         0          0          0          0          0          0   indicate_semi.o
         2          0          0          0          0          0   libinit.o
         6          0          0          0          0          0   libinit2.o
         2          0          0          0          0          0   libshutdown.o
         2          0          0          0          0          0   libshutdown2.o
         8          4          0          0         96         68   libspace.o
       138          0          0          0          0         68   rt_memcpy_v6.o
       100          0          0          0          0         80   rt_memcpy_w.o
         2          0          0          0          0          0   rtexit.o
        10          0          0          0          0          0   rtexit2.o
        12          4          0          0          0         68   sys_exit.o
        74          0          0          0          0         80   sys_stackheap_outer.o
         2          0          0          0          0         68   use_no_semi.o
        26          0          0          0          0        116   fpinit.o

    ----------------------------------------------------------------------
       598         16          0          0         96        848   Library Totals
         8          0          0          0          0          0   (incl. Padding)

    ----------------------------------------------------------------------

      Code (inc. data)   RO Data    RW Data    ZI Data      Debug   Library Name

       564         16          0          0         96        732   c_w.l
        26          0          0          0          0        116   fz_wm.l

    ----------------------------------------------------------------------
       598         16          0          0         96        848   Library Totals

    ----------------------------------------------------------------------

==============================================================================


      Code (inc. data)   RO Data    RW Data    ZI Data      Debug   

      8870         50        494          8      11464      92666   Grand Totals
      8870         50        494          8      11464      92666   ELF Image Totals
      8870         50        494          8          0          0   ROM Totals

==============================================================================

    Total RO  Size (Code + RO Data)                 9364 (   9.14kB)
    Total RW  Size (RW Data + ZI Data)             11472 (  11.20kB)
    Total ROM Size (Code + RO Data + RW Data)       9372 (   9.15kB)

==============================================================================

